Component: ARM Compiler 5.06 update 6 (build 750) Tool: armlink [4d35ed]

==============================================================================

Section Cross References

    main.o(i.Compare_String_Reverse) refers to main.o(i.Get_String_Len) for Get_String_Len
    main.o(i.Handle_Command) refers to main.o(i.Get_String_Len) for Get_String_Len
    main.o(i.Handle_Command) refers to main.o(i.Compare_String) for Compare_String
    main.o(i.Handle_Command) refers to main.o(i.Compare_String_Reverse) for Compare_String_Reverse
    main.o(i.Handle_Command) refers to main.o(i.Turn_On_Led) for Turn_On_Led
    main.o(i.Handle_Command) refers to main.o(i.Usart_Send_String) for Usart_Send_String
    main.o(i.Handle_Command) refers to main.o(i.Usart_Send) for Usart_Send
    main.o(i.Handle_Command) refers to main.o(i.Usart_Send_Newline) for Usart_Send_Newline
    main.o(i.Handle_Command) refers to main.o(i.Usart_Send_Line) for Usart_Send_Line
    main.o(i.Handle_Command) refers to main.o(i.Turn_Off_Led) for Turn_Off_Led
    main.o(i.Handle_Command) refers to tx_thread_sleep.o(.text) for _tx_thread_sleep
    main.o(i.Handle_Command) refers to main.o(.data) for handle_ready
    main.o(i.Handle_Command) refers to main.o(.bss) for usart_buf
    main.o(i.Init_Output) refers to stm32f10x_rcc.o(i.RCC_APB2PeriphClockCmd) for RCC_APB2PeriphClockCmd
    main.o(i.Init_Output) refers to stm32f10x_gpio.o(i.GPIO_Init) for GPIO_Init
    main.o(i.Receive_Commmand) refers to stm32f10x_usart.o(i.USART_GetITStatus) for USART_GetITStatus
    main.o(i.Receive_Commmand) refers to stm32f10x_usart.o(i.USART_ReceiveData) for USART_ReceiveData
    main.o(i.Receive_Commmand) refers to main.o(i.Usart_Send) for Usart_Send
    main.o(i.Receive_Commmand) refers to main.o(i.Usart_Send_Newline) for Usart_Send_Newline
    main.o(i.Receive_Commmand) refers to main.o(i.Usart_Send_Line) for Usart_Send_Line
    main.o(i.Receive_Commmand) refers to tx_thread_sleep.o(.text) for _tx_thread_sleep
    main.o(i.Receive_Commmand) refers to main.o(.bss) for usart_buf
    main.o(i.Receive_Commmand) refers to main.o(.data) for handle_ready
    main.o(i.Usart_Init) refers to stm32f10x_rcc.o(i.RCC_APB2PeriphClockCmd) for RCC_APB2PeriphClockCmd
    main.o(i.Usart_Init) refers to stm32f10x_gpio.o(i.GPIO_StructInit) for GPIO_StructInit
    main.o(i.Usart_Init) refers to stm32f10x_gpio.o(i.GPIO_Init) for GPIO_Init
    main.o(i.Usart_Init) refers to stm32f10x_usart.o(i.USART_StructInit) for USART_StructInit
    main.o(i.Usart_Init) refers to stm32f10x_usart.o(i.USART_Init) for USART_Init
    main.o(i.Usart_Init) refers to stm32f10x_usart.o(i.USART_ITConfig) for USART_ITConfig
    main.o(i.Usart_Init) refers to stm32f10x_usart.o(i.USART_Cmd) for USART_Cmd
    main.o(i.Usart_Send_Line) refers to main.o(i.Usart_Send_String) for Usart_Send_String
    main.o(i.Usart_Send_Newline) refers to main.o(i.Usart_Send_String) for Usart_Send_String
    main.o(i.Usart_Send_String) refers to main.o(i.Usart_Send) for Usart_Send
    main.o(i.main) refers to main.o(i.Init_Output) for Init_Output
    main.o(i.main) refers to main.o(i.Usart_Init) for Usart_Init
    main.o(i.main) refers to tx_initialize_kernel_enter.o(.text) for _tx_initialize_kernel_enter
    main.o(i.tx_application_define) refers to txe_thread_create.o(.text) for _txe_thread_create
    main.o(i.tx_application_define) refers to main.o(.bss) for uart_stack
    main.o(i.tx_application_define) refers to main.o(i.Receive_Commmand) for Receive_Commmand
    main.o(i.tx_application_define) refers to main.o(i.Handle_Command) for Handle_Command
    tx_initialize_low_level.o(RESET) refers to tx_initialize_low_level.o(STACK) for __initial_sp
    tx_initialize_low_level.o(RESET) refers to tx_initialize_low_level.o(.text) for Reset_Handler
    tx_initialize_low_level.o(RESET) refers to tx_thread_schedule.o(.text) for __tx_PendSVHandler
    tx_initialize_low_level.o(.text) refers to tx_timer_interrupt.o(.text) for _tx_timer_interrupt
    tx_initialize_low_level.o(.text) refers to __main.o(!!!main) for __main
    tx_initialize_low_level.o(.text) refers to tx_initialize_high_level.o(.data) for _tx_initialize_unused_memory
    tx_initialize_low_level.o(.text) refers to tx_initialize_low_level.o(RESET) for __tx_vectors
    tx_initialize_low_level.o(.text) refers to tx_thread_initialize.o(.data) for _tx_thread_system_stack_ptr
    tx_initialize_low_level.o(.text) refers to tx_initialize_low_level.o(HEAP) for HeapMem
    tx_initialize_low_level.o(.text) refers to tx_initialize_low_level.o(STACK) for StackMem
    stm32f10x_gpio.o(i.GPIO_AFIODeInit) refers to stm32f10x_rcc.o(i.RCC_APB2PeriphResetCmd) for RCC_APB2PeriphResetCmd
    stm32f10x_gpio.o(i.GPIO_DeInit) refers to stm32f10x_rcc.o(i.RCC_APB2PeriphResetCmd) for RCC_APB2PeriphResetCmd
    stm32f10x_rcc.o(i.RCC_GetClocksFreq) refers to stm32f10x_rcc.o(.data) for APBAHBPrescTable
[...]
    tx_thread_system_suspend.o(.text) refers to tx_thread_initialize.o(.bss) for _tx_thread_priority_list
    tx_thread_time_slice.o(.text) refers to tx_thread_initialize.o(.data) for _tx_thread_current_ptr
    tx_thread_time_slice.o(.text) refers to tx_timer_initialize.o(.data) for _tx_timer_expired_time_slice
    tx_thread_time_slice.o(.text) refers to tx_thread_initialize.o(.bss) for _tx_thread_priority_list
    tx_timer_expiration_process.o(.text) refers to tx_thread_system_resume.o(.text) for _tx_thread_system_resume
    tx_timer_expiration_process.o(.text) refers to tx_thread_initialize.o(.data) for _tx_thread_preempt_disable
    tx_timer_expiration_process.o(.text) refers to tx_timer_initialize.o(.bss) for _tx_timer_thread
    tx_timer_initialize.o(.text) refers to rt_memclr_w.o(.text) for __aeabi_memclr4
    tx_timer_initialize.o(.text) refers to tx_thread_create.o(.text) for _tx_thread_create
    tx_timer_initialize.o(.text) refers to tx_timer_initialize.o(.data) for .data
    tx_timer_initialize.o(.text) refers to tx_timer_initialize.o(.bss) for .bss
    tx_timer_initialize.o(.text) refers to tx_timer_thread_entry.o(.text) for _tx_timer_thread_entry
    tx_thread_shell_entry.o(.text) refers to tx_thread_system_suspend.o(.text) for _tx_thread_system_suspend
    tx_thread_shell_entry.o(.text) refers to tx_thread_initialize.o(.data) for _tx_thread_current_ptr
    tx_thread_system_resume.o(.text) refers to tx_timer_system_deactivate.o(.text) for _tx_timer_system_deactivate
    tx_thread_system_resume.o(.text) refers to tx_thread_initialize.o(.data) for _tx_thread_preempt_disable
    tx_thread_system_resume.o(.text) refers to tx_thread_initialize.o(.bss) for _tx_thread_priority_list
    tx_thread_timeout.o(.text) refers to tx_thread_system_resume.o(.text) for _tx_thread_system_resume
    tx_thread_timeout.o(.text) refers to tx_thread_initialize.o(.data) for _tx_thread_preempt_disable
    tx_timer_system_activate.o(.text) refers to tx_timer_initialize.o(.data) for _tx_timer_current_ptr
    tx_timer_thread_entry.o(.text) refers to tx_timer_system_activate.o(.text) for _tx_timer_system_activate
    tx_timer_thread_entry.o(.text) refers to tx_thread_system_suspend.o(.text) for _tx_thread_system_suspend
    tx_timer_thread_entry.o(.text) refers to tx_timer_initialize.o(.data) for _tx_timer_list_end
    tx_timer_thread_entry.o(.text) refers to tx_timer_initialize.o(.bss) for _tx_timer_thread
    tx_timer_thread_entry.o(.text) refers to tx_thread_initialize.o(.data) for _tx_thread_preempt_disable
    aeabi_memset.o(.text) refers to rt_memclr.o(.text) for _memset
    __main.o(!!!main) refers to __rtentry.o(.ARM.Collect$$rtentry$$00000000) for __rt_entry
    __rtentry.o(.ARM.Collect$$rtentry$$00000000) refers (Special) to __rtentry2.o(.ARM.Collect$$rtentry$$0000000A) for __rt_entry_li
    __rtentry.o(.ARM.Collect$$rtentry$$00000000) refers (Special) to __rtentry2.o(.ARM.Collect$$rtentry$$0000000D) for __rt_entry_main
    __rtentry.o(.ARM.Collect$$rtentry$$00000000) refers (Special) to __rtentry2.o(.ARM.Collect$$rtentry$$0000000C) for __rt_entry_postli_1
    __rtentry.o(.ARM.Collect$$rtentry$$00000000) refers (Special) to __rtentry2.o(.ARM.Collect$$rtentry$$00000009) for __rt_entry_postsh_1
    __rtentry.o(.ARM.Collect$$rtentry$$00000000) refers (Special) to __rtentry2.o(.ARM.Collect$$rtentry$$00000002) for __rt_entry_presh_1
    __rtentry.o(.ARM.Collect$$rtentry$$00000000) refers (Special) to __rtentry4.o(.ARM.Collect$$rtentry$$00000004) for __rt_entry_sh
    rt_memclr.o(.text) refers to rt_memclr_w.o(.text) for _memset_w
    __rtentry2.o(.ARM.Collect$$rtentry$$00000008) refers to boardinit2.o(.text) for _platform_post_stackheap_init
    __rtentry2.o(.ARM.Collect$$rtentry$$0000000A) refers to libinit.o(.ARM.Collect$$libinit$$00000000) for __rt_lib_init
    __rtentry2.o(.ARM.Collect$$rtentry$$0000000B) refers to boardinit3.o(.text) for _platform_post_lib_init
    __rtentry2.o(.ARM.Collect$$rtentry$$0000000D) refers to main.o(i.main) for main
    __rtentry2.o(.ARM.Collect$$rtentry$$0000000D) refers to exit.o(.text) for exit
    __rtentry2.o(.ARM.exidx) refers to __rtentry2.o(.ARM.Collect$$rtentry$$00000001) for .ARM.Collect$$rtentry$$00000001
    __rtentry2.o(.ARM.exidx) refers to __rtentry2.o(.ARM.Collect$$rtentry$$00000008) for .ARM.Collect$$rtentry$$00000008
    __rtentry2.o(.ARM.exidx) refers to __rtentry2.o(.ARM.Collect$$rtentry$$0000000A) for .ARM.Collect$$rtentry$$0000000A
    __rtentry2.o(.ARM.exidx) refers to __rtentry2.o(.ARM.Collect$$rtentry$$0000000B) for .ARM.Collect$$rtentry$$0000000B
    __rtentry2.o(.ARM.exidx) refers to __rtentry2.o(.ARM.Collect$$rtentry$$0000000D) for .ARM.Collect$$rtentry$$0000000D
    __rtentry4.o(.ARM.Collect$$rtentry$$00000004) refers to sys_stackheap_outer.o(.text) for __user_setup_stackheap
    __rtentry4.o(.ARM.exidx) refers to __rtentry4.o(.ARM.Collect$$rtentry$$00000004) for .ARM.Collect$$rtentry$$00000004
    sys_stackheap_outer.o(.text) refers to libspace.o(.text) for __user_perproc_libspace
    sys_stackheap_outer.o(.text) refers to startup_stm32f10x_md.o(.text) for __user_initial_stackheap
    exit.o(.text) refers to rtexit.o(.ARM.Collect$$rtexit$$00000000) for __rt_exit
    libinit.o(.ARM.Collect$$libinit$$00000000) refers (Special) to libinit2.o(.ARM.Collect$$libinit$$0000002E) for __rt_lib_init_alloca_1
    libinit.o(.ARM.Collect$$libinit$$00000000) refers (Special) to libinit2.o(.ARM.Collect$$libinit$$0000002C) for __rt_lib_init_argv_1
    libinit.o(.ARM.Collect$$libinit$$00000000) refers (Special) to libinit2.o(.ARM.Collect$$libinit$$0000001B) for __rt_lib_init_atexit_1
    libinit.o(.ARM.Collect$$libinit$$00000000) refers (Special) to libinit2.o(.ARM.Collect$$libinit$$00000021) for __rt_lib_init_clock_1
    libinit.o(.ARM.Collect$$libinit$$00000000) refers (Special) to libinit2.o(.ARM.Collect$$libinit$$00000032) for __rt_lib_init_cpp_1
    libinit.o(.ARM.Collect$$libinit$$00000000) refers (Special) to libinit2.o(.ARM.Collect$$libinit$$00000030) for __rt_lib_init_exceptions_1
    libinit.o(.ARM.Collect$$libinit$$00000000) refers (Special) to libinit2.o(.ARM.Collect$$libinit$$00000002) for __rt_lib_init_fp_1
    libinit.o(.ARM.Collect$$libinit$$00000000) refers (Special) to libinit2.o(.ARM.Collect$$libinit$$0000001F) for __rt_lib_init_fp_trap_1
    libinit.o(.ARM.Collect$$libinit$$00000000) refers (Special) to libinit2.o(.ARM.Collect$$libinit$$00000023) for __rt_lib_init_getenv_1
    libinit.o(.ARM.Collect$$libinit$$00000000) refers (Special) to libinit2.o(.ARM.Collect$$libinit$$0000000A) for __rt_lib_init_heap_1
    libinit.o(.ARM.Collect$$libinit$$00000000) refers (Special) to libinit2.o(.ARM.Collect$$libinit$$00000011) for __rt_lib_init_lc_collate_1
    libinit.o(.ARM.Collect$$libinit$$00000000) refers (Special) to libinit2.o(.ARM.Collect$$libinit$$00000013) for __rt_lib_init_lc_ctype_1
    libinit.o(.ARM.Collect$$libinit$$00000000) refers (Special) to libinit2.o(.ARM.Collect$$libinit$$00000015) for __rt_lib_init_lc_monetary_1
    libinit.o(.ARM.Collect$$libinit$$00000000) refers (Special) to libinit2.o(.ARM.Collect$$libinit$$00000017) for __rt_lib_init_lc_numeric_1
    libinit.o(.ARM.Collect$$libinit$$00000000) refers (Special) to libinit2.o(.ARM.Collect$$libinit$$00000019) for __rt_lib_init_lc_time_1
    libinit.o(.ARM.Collect$$libinit$$00000000) refers (Special) to libinit2.o(.ARM.Collect$$libinit$$00000004) for __rt_lib_init_preinit_1
    libinit.o(.ARM.Collect$$libinit$$00000000) refers (Special) to libinit2.o(.ARM.Collect$$libinit$$0000000E) for __rt_lib_init_rand_1
    libinit.o(.ARM.Collect$$libinit$$00000000) refers (Special) to libinit2.o(.ARM.Collect$$libinit$$00000033) for __rt_lib_init_return
    libinit.o(.ARM.Collect$$libinit$$00000000) refers (Special) to libinit2.o(.ARM.Collect$$libinit$$0000001D) for __rt_lib_init_signal_1
    libinit.o(.ARM.Collect$$libinit$$00000000) refers (Special) to libinit2.o(.ARM.Collect$$libinit$$00000025) for __rt_lib_init_stdio_1
    libinit.o(.ARM.Collect$$libinit$$00000000) refers (Special) to libinit2.o(.ARM.Collect$$libinit$$0000000C) for __rt_lib_init_user_alloc_1
    libspace.o(.text) refers to libspace.o(.bss) for __libspace_start
    rtexit.o(.ARM.Collect$$rtexit$$00000000) refers (Special) to rtexit2.o(.ARM.Collect$$rtexit$$00000004) for __rt_exit_exit
    rtexit.o(.ARM.Collect$$rtexit$$00000000) refers (Special) to rtexit2.o(.ARM.Collect$$rtexit$$00000003) for __rt_exit_ls
    rtexit.o(.ARM.Collect$$rtexit$$00000000) refers (Special) to rtexit2.o(.ARM.Collect$$rtexit$$00000002) for __rt_exit_prels_1
    rtexit.o(.ARM.exidx) refers (Special) to rtexit2.o(.ARM.Collect$$rtexit$$00000004) for __rt_exit_exit
    rtexit.o(.ARM.exidx) refers (Special) to rtexit2.o(.ARM.Collect$$rtexit$$00000003) for __rt_exit_ls
    rtexit.o(.ARM.exidx) refers (Special) to rtexit2.o(.ARM.Collect$$rtexit$$00000002) for __rt_exit_prels_1
    rtexit.o(.ARM.exidx) refers to rtexit.o(.ARM.Collect$$rtexit$$00000000) for .ARM.Collect$$rtexit$$00000000
    libinit2.o(.ARM.Collect$$libinit$$00000010) refers to libinit2.o(.ARM.Collect$$libinit$$0000000F) for .ARM.Collect$$libinit$$0000000F
    libinit2.o(.ARM.Collect$$libinit$$00000012) refers to libinit2.o(.ARM.Collect$$libinit$$0000000F) for .ARM.Collect$$libinit$$0000000F
    libinit2.o(.ARM.Collect$$libinit$$00000014) refers to libinit2.o(.ARM.Collect$$libinit$$0000000F) for .ARM.Collect$$libinit$$0000000F
    libinit2.o(.ARM.Collect$$libinit$$00000016) refers to libinit2.o(.ARM.Collect$$libinit$$0000000F) for .ARM.Collect$$libinit$$0000000F
    libinit2.o(.ARM.Collect$$libinit$$00000018) refers to libinit2.o(.ARM.Collect$$libinit$$0000000F) for .ARM.Collect$$libinit$$0000000F
    libinit2.o(.ARM.Collect$$libinit$$00000026) refers to argv_veneer.o(.emb_text) for __ARM_argv_veneer
    libinit2.o(.ARM.Collect$$libinit$$00000027) refers to argv_veneer.o(.emb_text) for __ARM_argv_veneer
    rtexit2.o(.ARM.Collect$$rtexit$$00000003) refers to libshutdown.o(.ARM.Collect$$libshutdown$$00000000) for __rt_lib_shutdown
    rtexit2.o(.ARM.Collect$$rtexit$$00000004) refers to sys_exit.o(.text) for _sys_exit
    rtexit2.o(.ARM.exidx) refers to rtexit2.o(.ARM.Collect$$rtexit$$00000001) for .ARM.Collect$$rtexit$$00000001
    rtexit2.o(.ARM.exidx) refers to rtexit2.o(.ARM.Collect$$rtexit$$00000003) for .ARM.Collect$$rtexit$$00000003
    rtexit2.o(.ARM.exidx) refers to rtexit2.o(.ARM.Collect$$rtexit$$00000004) for .ARM.Collect$$rtexit$$00000004
    argv_veneer.o(.emb_text) refers to no_argv.o(.text) for __ARM_get_argv
    sys_exit.o(.text) refers (Special) to use_no_semi.o(.text) for __I$use$semihosting
    sys_exit.o(.text) refers (Special) to indicate_semi.o(.text) for __semihosting_library_function
    _get_argv_nomalloc.o(.text) refers (Special) to hrguard.o(.text) for __heap_region$guard
    _get_argv_nomalloc.o(.text) refers to defsig_rtmem_outer.o(.text) for __rt_SIGRTMEM
    _get_argv_nomalloc.o(.text) refers to sys_command.o(.text) for _sys_command_string
    libshutdown.o(.ARM.Collect$$libshutdown$$00000000) refers (Special) to libshutdown2.o(.ARM.Collect$$libshutdown$$00000002) for __rt_lib_shutdown_cpp_1
    libshutdown.o(.ARM.Collect$$libshutdown$$00000000) refers (Special) to libshutdown2.o(.ARM.Collect$$libshutdown$$00000007) for __rt_lib_shutdown_fp_trap_1
    libshutdown.o(.ARM.Collect$$libshutdown$$00000000) refers (Special) to libshutdown2.o(.ARM.Collect$$libshutdown$$0000000F) for __rt_lib_shutdown_heap_1
    libshutdown.o(.ARM.Collect$$libshutdown$$00000000) refers (Special) to libshutdown2.o(.ARM.Collect$$libshutdown$$00000010) for __rt_lib_shutdown_return
    libshutdown.o(.ARM.Collect$$libshutdown$$00000000) refers (Special) to libshutdown2.o(.ARM.Collect$$libshutdown$$0000000A) for __rt_lib_shutdown_signal_1
    libshutdown.o(.ARM.Collect$$libshutdown$$00000000) refers (Special) to libshutdown2.o(.ARM.Collect$$libshutdown$$00000004) for __rt_lib_shutdown_stdio_1
    libshutdown.o(.ARM.Collect$$libshutdown$$00000000) refers (Special) to libshutdown2.o(.ARM.Collect$$libshutdown$$0000000C) for __rt_lib_shutdown_user_alloc_1
    sys_command.o(.text) refers (Special) to use_no_semi.o(.text) for __I$use$semihosting
    sys_command.o(.text) refers (Special) to indicate_semi.o(.text) for __semihosting_library_function
    defsig_rtmem_outer.o(.text) refers to defsig_rtmem_inner.o(.text) for __rt_SIGRTMEM_inner
    defsig_rtmem_outer.o(.text) refers to defsig_exit.o(.text) for __sig_exit
    defsig_rtmem_formal.o(.text) refers to rt_raise.o(.text) for __rt_raise
    rt_raise.o(.text) refers to __raise.o(.text) for __raise
    rt_raise.o(.text) refers to sys_exit.o(.text) for _sys_exit
    defsig_exit.o(.text) refers to sys_exit.o(.text) for _sys_exit
    defsig_rtmem_inner.o(.text) refers to defsig_general.o(.text) for __default_signal_display
    __raise.o(.text) refers to defsig.o(CL$$defsig) for __default_signal_handler
    defsig_general.o(.text) refers to sys_wrch.o(.text) for _ttywrch
    sys_wrch.o(.text) refers (Special) to use_no_semi.o(.text) for __I$use$semihosting
    sys_wrch.o(.text) refers (Special) to indicate_semi.o(.text) for __semihosting_library_function
    defsig.o(CL$$defsig) refers to defsig_rtmem_inner.o(.text) for __rt_SIGRTMEM_inner
    defsig_abrt_inner.o(.text) refers to defsig_general.o(.text) for __default_signal_display
    defsig_fpe_inner.o(.text) refers to defsig_general.o(.text) for __default_signal_display
    defsig_rtred_inner.o(.text) refers to defsig_general.o(.text) for __default_signal_display
    defsig_stak_inner.o(.text) refers to defsig_general.o(.text) for __default_signal_display
    defsig_pvfn_inner.o(.text) refers to defsig_general.o(.text) for __default_signal_display
    defsig_cppl_inner.o(.text) refers to defsig_general.o(.text) for __default_signal_display
    defsig_segv_inner.o(.text) refers to defsig_general.o(.text) for __default_signal_display
    defsig_other.o(.text) refers to defsig_general.o(.text) for __default_signal_display


==============================================================================

Removing Unused input sections from the image.

    Removing main.o(.rev16_text), (4 bytes).
    Removing main.o(.revsh_text), (4 bytes).
    Removing main.o(.rrx_text), (6 bytes).
    Removing main.o(i._tx_thread_system_return_inline), (36 bytes).
    Removing misc.o(.rev16_text), (4 bytes).
    Removing misc.o(.revsh_text), (4 bytes).
    Removing misc.o(.rrx_text), (6 bytes).
    Removing misc.o(i.NVIC_Init), (112 bytes).
    Removing misc.o(i.NVIC_PriorityGroupConfig), (20 bytes).
    Removing misc.o(i.NVIC_SetVectorTable), (20 bytes).
    Removing misc.o(i.NVIC_SystemLPConfig), (32 bytes).
    Removing misc.o(i.SysTick_CLKSourceConfig), (40 bytes).
    Removing stm32f10x_gpio.o(.rev16_text), (4 bytes).
    Removing stm32f10x_gpio.o(.revsh_text), (4 bytes).
    Removing stm32f10x_gpio.o(.rrx_text), (6 bytes).
    Removing stm32f10x_gpio.o(i.GPIO_AFIODeInit), (20 bytes).
    Removing stm32f10x_gpio.o(i.GPIO_DeInit), (200 bytes).
    Removing stm32f10x_gpio.o(i.GPIO_ETH_MediaInterfaceConfig), (12 bytes).
    Removing stm32f10x_gpio.o(i.GPIO_EXTILineConfig), (64 bytes).
    Removing stm32f10x_gpio.o(i.GPIO_EventOutputCmd), (12 bytes).
    Removing stm32f10x_gpio.o(i.GPIO_EventOutputConfig), (32 bytes).
    Removing stm32f10x_gpio.o(i.GPIO_PinLockConfig), (18 bytes).
    Removing stm32f10x_gpio.o(i.GPIO_PinRemapConfig), (144 bytes).
    Removing stm32f10x_gpio.o(i.GPIO_ReadInputData), (8 bytes).
    Removing stm32f10x_gpio.o(i.GPIO_ReadInputDataBit), (18 bytes).
    Removing stm32f10x_gpio.o(i.GPIO_ReadOutputData), (8 bytes).
    Removing stm32f10x_gpio.o(i.GPIO_ReadOutputDataBit), (18 bytes).
    Removing stm32f10x_gpio.o(i.GPIO_ResetBits), (4 bytes).
    Removing stm32f10x_gpio.o(i.GPIO_SetBits), (4 bytes).
    Removing stm32f10x_gpio.o(i.GPIO_Write), (4 bytes).
    Removing stm32f10x_gpio.o(i.GPIO_WriteBit), (10 bytes).
    Removing stm32f10x_rcc.o(.rev16_text), (4 bytes).
    Removing stm32f10x_rcc.o(.revsh_text), (4 bytes).
    Removing stm32f10x_rcc.o(.rrx_text), (6 bytes).
    Removing stm32f10x_rcc.o(i.RCC_ADCCLKConfig), (24 bytes).
    Removing stm32f10x_rcc.o(i.RCC_AHBPeriphClockCmd), (32 bytes).
    Removing stm32f10x_rcc.o(i.RCC_APB1PeriphClockCmd), (32 bytes).
    Removing stm32f10x_rcc.o(i.RCC_APB1PeriphResetCmd), (32 bytes).
    Removing stm32f10x_rcc.o(i.RCC_APB2PeriphResetCmd), (32 bytes).
    Removing stm32f10x_rcc.o(i.RCC_AdjustHSICalibrationValue), (24 bytes).
    Removing stm32f10x_rcc.o(i.RCC_BackupResetCmd), (12 bytes).
    Removing stm32f10x_rcc.o(i.RCC_ClearFlag), (20 bytes).
    Removing stm32f10x_rcc.o(i.RCC_ClearITPendingBit), (12 bytes).
    Removing stm32f10x_rcc.o(i.RCC_ClockSecuritySystemCmd), (12 bytes).
    Removing stm32f10x_rcc.o(i.RCC_DeInit), (76 bytes).
    Removing stm32f10x_rcc.o(i.RCC_GetFlagStatus), (60 bytes).
    Removing stm32f10x_rcc.o(i.RCC_GetITStatus), (24 bytes).
    Removing stm32f10x_rcc.o(i.RCC_GetSYSCLKSource), (16 bytes).
    Removing stm32f10x_rcc.o(i.RCC_HCLKConfig), (24 bytes).
    Removing stm32f10x_rcc.o(i.RCC_HSEConfig), (76 bytes).
    Removing stm32f10x_rcc.o(i.RCC_HSICmd), (12 bytes).
    Removing stm32f10x_rcc.o(i.RCC_ITConfig), (32 bytes).
    Removing stm32f10x_rcc.o(i.RCC_LSEConfig), (52 bytes).
    Removing stm32f10x_rcc.o(i.RCC_LSICmd), (12 bytes).
    Removing stm32f10x_rcc.o(i.RCC_MCOConfig), (12 bytes).
    Removing stm32f10x_rcc.o(i.RCC_PCLK1Config), (24 bytes).
    Removing stm32f10x_rcc.o(i.RCC_PCLK2Config), (24 bytes).
    Removing stm32f10x_rcc.o(i.RCC_PLLCmd), (12 bytes).
    Removing stm32f10x_rcc.o(i.RCC_PLLConfig), (28 bytes).
    Removing stm32f10x_rcc.o(i.RCC_RTCCLKCmd), (12 bytes).
    Removing stm32f10x_rcc.o(i.RCC_RTCCLKConfig), (16 bytes).
    Removing stm32f10x_rcc.o(i.RCC_SYSCLKConfig), (24 bytes).
    Removing stm32f10x_rcc.o(i.RCC_USBCLKConfig), (12 bytes).
    Removing stm32f10x_rcc.o(i.RCC_WaitForHSEStartUp), (56 bytes).
    Removing stm32f10x_usart.o(.rev16_text), (4 bytes).
    Removing stm32f10x_usart.o(.revsh_text), (4 bytes).
    Removing stm32f10x_usart.o(.rrx_text), (6 bytes).
    Removing stm32f10x_usart.o(i.USART_ClearFlag), (18 bytes).
    Removing stm32f10x_usart.o(i.USART_ClearITPendingBit), (30 bytes).
    Removing stm32f10x_usart.o(i.USART_ClockInit), (34 bytes).
    Removing stm32f10x_usart.o(i.USART_ClockStructInit), (12 bytes).
    Removing stm32f10x_usart.o(i.USART_DMACmd), (18 bytes).
    Removing stm32f10x_usart.o(i.USART_DeInit), (156 bytes).
    Removing stm32f10x_usart.o(i.USART_GetFlagStatus), (26 bytes).
    Removing stm32f10x_usart.o(i.USART_HalfDuplexCmd), (24 bytes).
    Removing stm32f10x_usart.o(i.USART_IrDACmd), (24 bytes).
    Removing stm32f10x_usart.o(i.USART_IrDAConfig), (18 bytes).
    Removing stm32f10x_usart.o(i.USART_LINBreakDetectLengthConfig), (18 bytes).
    Removing stm32f10x_usart.o(i.USART_LINCmd), (24 bytes).
    Removing stm32f10x_usart.o(i.USART_OneBitMethodCmd), (24 bytes).
    Removing stm32f10x_usart.o(i.USART_OverSampling8Cmd), (22 bytes).
    Removing stm32f10x_usart.o(i.USART_ReceiverWakeUpCmd), (24 bytes).
    Removing stm32f10x_usart.o(i.USART_SendBreak), (10 bytes).
    Removing stm32f10x_usart.o(i.USART_SendData), (8 bytes).
    Removing stm32f10x_usart.o(i.USART_SetAddress), (18 bytes).
    Removing stm32f10x_usart.o(i.USART_SetGuardTime), (16 bytes).
    Removing stm32f10x_usart.o(i.USART_SetPrescaler), (16 bytes).
    Removing stm32f10x_usart.o(i.USART_SmartCardCmd), (24 bytes).
    Removing stm32f10x_usart.o(i.USART_SmartCardNACKCmd), (24 bytes).
    Removing stm32f10x_usart.o(i.USART_WakeUpConfig), (18 bytes).
    Removing system_stm32f10x.o(.rev16_text), (4 bytes).
    Removing system_stm32f10x.o(.revsh_text), (4 bytes).
    Removing system_stm32f10x.o(.rrx_text), (6 bytes).
    Removing system_stm32f10x.o(i.SystemCoreClockUpdate), (164 bytes).
    Removing system_stm32f10x.o(.data), (20 bytes).
    Removing tx_thread_initialize.o(.constdata), (87 bytes).
    Removing tx_thread_initialize.o(.data), (101 bytes).

97 unused section(s) (total 2734 bytes) removed from the image.

==============================================================================

Image Symbol Table

    Local Symbols

    Symbol Name                              Value     Ov Type        Size  Object(Section)

    ../clib/angel/boardlib.s                 0x00000000   Number         0  boardinit1.o ABSOLUTE
    ../clib/angel/boardlib.s                 0x00000000   Number         0  boardshut.o ABSOLUTE
    ../clib/angel/boardlib.s                 0x00000000   Number         0  boardinit3.o ABSOLUTE
    ../clib/angel/boardlib.s                 0x00000000   Number         0  boardinit2.o ABSOLUTE
    ../clib/angel/handlers.s                 0x00000000   Number         0  __scatter_zi.o ABSOLUTE
    ../clib/angel/handlers.s                 0x00000000   Number         0  __scatter_copy.o ABSOLUTE
    ../clib/angel/kernel.s                   0x00000000   Number         0  __rtentry2.o ABSOLUTE
    ../clib/angel/kernel.s                   0x00000000   Number         0  rtexit2.o ABSOLUTE
    ../clib/angel/kernel.s                   0x00000000   Number         0  rtexit.o ABSOLUTE
    ../clib/angel/kernel.s                   0x00000000   Number         0  __rtentry4.o ABSOLUTE
    ../clib/angel/kernel.s                   0x00000000   Number         0  __rtentry.o ABSOLUTE
    ../clib/angel/rt.s                       0x00000000   Number         0  rt_raise.o ABSOLUTE
    ../clib/angel/scatter.s                  0x00000000   Number         0  __scatter.o ABSOLUTE
    ../clib/angel/startup.s                  0x00000000   Number         0  __main.o ABSOLUTE
    ../clib/angel/sys.s                      0x00000000   Number         0  use_no_semi.o ABSOLUTE
    ../clib/angel/sys.s                      0x00000000   Number         0  sys_stackheap_outer.o ABSOLUTE
    ../clib/angel/sys.s                      0x00000000   Number         0  libspace.o ABSOLUTE
    ../clib/angel/sys.s                      0x00000000   Number         0  indicate_semi.o ABSOLUTE
    ../clib/angel/sysapp.c                   0x00000000   Number         0  sys_command.o ABSOLUTE
    ../clib/angel/sysapp.c                   0x00000000   Number         0  sys_exit.o ABSOLUTE
    ../clib/angel/sysapp.c                   0x00000000   Number         0  sys_wrch.o ABSOLUTE
    ../clib/armsys.c                         0x00000000   Number         0  no_argv.o ABSOLUTE
    ../clib/armsys.c                         0x00000000   Number         0  _get_argv_nomalloc.o ABSOLUTE
    ../clib/armsys.c                         0x00000000   Number         0  argv_veneer.o ABSOLUTE
    ../clib/armsys.c                         0x00000000   Number         0  argv_veneer.o ABSOLUTE
    ../clib/heapalloc.c                      0x00000000   Number         0  hrguard.o ABSOLUTE
    ../clib/heapaux.c                        0x00000000   Number         0  heapauxi.o ABSOLUTE
    ../clib/libinit.s                        0x00000000   Number         0  libshutdown.o ABSOLUTE
    ../clib/libinit.s                        0x00000000   Number         0  libinit.o ABSOLUTE
    ../clib/libinit.s                        0x00000000   Number         0  libshutdown2.o ABSOLUTE
    ../clib/libinit.s                        0x00000000   Number         0  libinit2.o ABSOLUTE
    ../clib/memcpset.s                       0x00000000   Number         0  rt_memclr.o ABSOLUTE
    ../clib/memcpset.s                       0x00000000   Number         0  aeabi_memset.o ABSOLUTE
    ../clib/memcpset.s                       0x00000000   Number         0  rt_memclr_w.o ABSOLUTE
    ../clib/signal.c                         0x00000000   Number         0  defsig_rtred_inner.o ABSOLUTE
    ../clib/signal.c                         0x00000000   Number         0  defsig_rtmem_outer.o ABSOLUTE
    ../clib/signal.c                         0x00000000   Number         0  __raise.o ABSOLUTE
    ../clib/signal.c                         0x00000000   Number         0  defsig_rtmem_inner.o ABSOLUTE
    ../clib/signal.c                         0x00000000   Number         0  defsig_exit.o ABSOLUTE
    ../clib/signal.c                         0x00000000   Number         0  defsig_other.o ABSOLUTE
    ../clib/signal.c                         0x00000000   Number         0  defsig_segv_inner.o ABSOLUTE
    ../clib/signal.c                         0x00000000   Number         0  defsig_cppl_inner.o ABSOLUTE
    ../clib/signal.c                         0x00000000   Number         0  defsig_pvfn_inner.o ABSOLUTE
    ../clib/signal.c                         0x00000000   Number         0  defsig_stak_inner.o ABSOLUTE
    ../clib/signal.c                         0x00000000   Number         0  defsig_fpe_inner.o ABSOLUTE
    ../clib/signal.c                         0x00000000   Number         0  defsig_abrt_inner.o ABSOLUTE
    ../clib/signal.c                         0x00000000   Number         0  defsig_rtmem_formal.o ABSOLUTE
    ../clib/signal.c                         0x00000000   Number         0  defsig_general.o ABSOLUTE
    ../clib/signal.s                         0x00000000   Number         0  defsig.o ABSOLUTE
    ../clib/stdlib.c                         0x00000000   Number         0  exit.o ABSOLUTE
    ../fplib/fpinit.s                        0x00000000   Number         0  fpinit.o ABSOLUTE
    ..\..\..\..\common\src\tx_initialize_high_level.c 0x00000000   Number         0  tx_initialize_high_level.o ABSOLUTE
    ..\..\..\..\common\src\tx_initialize_kernel_enter.c 0x00000000   Number         0  tx_initialize_kernel_enter.o ABSOLUTE
    ..\..\..\..\common\src\tx_thread_create.c 0x00000000   Number         0  tx_thread_create.o ABSOLUTE
    ..\..\..\..\common\src\tx_thread_initialize.c 0x00000000   Number         0  tx_thread_initialize.o ABSOLUTE
    ..\..\..\..\common\src\tx_thread_shell_entry.c 0x00000000   Number         0  tx_thread_shell_entry.o ABSOLUTE
    ..\..\..\..\common\src\tx_thread_sleep.c 0x00000000   Number         0  tx_thread_sleep.o ABSOLUTE
    ..\..\..\..\common\src\tx_thread_system_preempt_check.c 0x00000000   Number         0  tx_thread_system_preempt_check.o ABSOLUTE
    ..\..\..\..\common\src\tx_thread_system_resume.c 0x00000000   Number         0  tx_thread_system_resume.o ABSOLUTE
    ..\..\..\..\common\src\tx_thread_system_suspend.c 0x00000000   Number         0  tx_thread_system_suspend.o ABSOLUTE
    ..\..\..\..\common\src\tx_thread_time_slice.c 0x00000000   Number         0  tx_thread_time_slice.o ABSOLUTE
    ..\..\..\..\common\src\tx_thread_timeout.c 0x00000000   Number         0  tx_thread_timeout.o ABSOLUTE
    ..\..\..\..\common\src\tx_timer_expiration_process.c 0x00000000   Number         0  tx_timer_expiration_process.o ABSOLUTE
    ..\..\..\..\common\src\tx_timer_initialize.c 0x00000000   Number         0  tx_timer_initialize.o ABSOLUTE
    ..\..\..\..\common\src\tx_timer_system_activate.c 0x00000000   Number         0  tx_timer_system_activate.o ABSOLUTE
    ..\..\..\..\common\src\tx_timer_system_deactivate.c 0x00000000   Number         0  tx_timer_system_deactivate.o ABSOLUTE
    ..\..\..\..\common\src\tx_timer_thread_entry.c 0x00000000   Number         0  tx_timer_thread_entry.o ABSOLUTE
    ..\..\..\..\common\src\txe_thread_create.c 0x00000000   Number         0  txe_thread_create.o ABSOLUTE
    ..\\src\\tx_thread_schedule.s            0x00000000   Number         0  tx_thread_schedule.o ABSOLUTE
    ..\\src\\tx_thread_stack_build.s         0x00000000   Number         0  tx_thread_stack_build.o ABSOLUTE
    ..\\src\\tx_timer_interrupt.s            0x00000000   Number         0  tx_timer_interrupt.o ABSOLUTE
    C:\Users\Admin\AppData\Local\Arm\Packs\Keil\STM32F1xx_DFP\2.4.1\Device\StdPeriph_Driver\src\misc.c 0x00000000   Number         0  misc.o ABSOLUTE
    C:\Users\Admin\AppData\Local\Arm\Packs\Keil\STM32F1xx_DFP\2.4.1\Device\StdPeriph_Driver\src\stm32f10x_gpio.c 0x00000000   Number         0  stm32f10x_gpio.o ABSOLUTE
    C:\Users\Admin\AppData\Local\Arm\Packs\Keil\STM32F1xx_DFP\2.4.1\Device\StdPeriph_Driver\src\stm32f10x_rcc.c 0x00000000   Number         0  stm32f10x_rcc.o ABSOLUTE
    C:\Users\Admin\AppData\Local\Arm\Packs\Keil\STM32F1xx_DFP\2.4.1\Device\StdPeriph_Driver\src\stm32f10x_usart.c 0x00000000   Number         0  stm32f10x_usart.o ABSOLUTE
    C:\Users\Admin\Downloads\threadx-master\threadx-master\ports\cortex_m3\keil\example_build\tx_initialize_low_level.s 0x00000000   Number         0  tx_initialize_low_level.o ABSOLUTE
    C:\\Users\\Admin\\AppData\\Local\\Arm\\Packs\\Keil\\STM32F1xx_DFP\\2.4.1\\Device\\StdPeriph_Driver\\src\\misc.c 0x00000000   Number         0  misc.o ABSOLUTE
    C:\\Users\\Admin\\AppData\\Local\\Arm\\Packs\\Keil\\STM32F1xx_DFP\\2.4.1\\Device\\StdPeriph_Driver\\src\\stm32f10x_gpio.c 0x00000000   Number         0  stm32f10x_gpio.o ABSOLUTE
    C:\\Users\\Admin\\AppData\\Local\\Arm\\Packs\\Keil\\STM32F1xx_DFP\\2.4.1\\Device\\StdPeriph_Driver\\src\\stm32f10x_rcc.c 0x00000000   Number         0  stm32f10x_rcc.o ABSOLUTE
    C:\\Users\\Admin\\AppData\\Local\\Arm\\Packs\\Keil\\STM32F1xx_DFP\\2.4.1\\Device\\StdPeriph_Driver\\src\\stm32f10x_usart.c 0x00000000   Number         0  stm32f10x_usart.o ABSOLUTE
    RTE\Device\STM32F103C8\startup_stm32f10x_md.s 0x00000000   Number         0  startup_stm32f10x_md.o ABSOLUTE
    RTE\Device\STM32F103C8\system_stm32f10x.c 0x00000000   Number         0  system_stm32f10x.o ABSOLUTE
    RTE\\Device\\STM32F103C8\\system_stm32f10x.c 0x00000000   Number         0  system_stm32f10x.o ABSOLUTE
    dc.s                                     0x00000000   Number         0  dc.o ABSOLUTE
    main.c                                   0x00000000   Number         0  main.o ABSOLUTE
    main.c                                   0x00000000   Number         0  main.o ABSOLUTE
    RESET                                    0x08000000   Section      236  startup_stm32f10x_md.o(RESET)
    !!!main                                  0x080000ec   Section        8  __main.o(!!!main)
    !!!scatter                               0x080000f4   Section       52  __scatter.o(!!!scatter)
    !!handler_copy                           0x08000128   Section       26  __scatter_copy.o(!!handler_copy)
    !!handler_zi                             0x08000144   Section       28  __scatter_zi.o(!!handler_zi)
    .ARM.Collect$$libinit$$00000000          0x08000160   Section        2  libinit.o(.ARM.Collect$$libinit$$00000000)
    .ARM.Collect$$libinit$$00000002          0x08000162   Section        0  libinit2.o(.ARM.Collect$$libinit$$00000002)
    .ARM.Collect$$libinit$$00000004          0x08000162   Section        0  libinit2.o(.ARM.Collect$$libinit$$00000004)
    .ARM.Collect$$libinit$$0000000A          0x08000162   Section        0  libinit2.o(.ARM.Collect$$libinit$$0000000A)
    .ARM.Collect$$libinit$$0000000C          0x08000162   Section        0  libinit2.o(.ARM.Collect$$libinit$$0000000C)
    .ARM.Collect$$libinit$$0000000E          0x08000162   Section        0  libinit2.o(.ARM.Collect$$libinit$$0000000E)
    .ARM.Collect$$libinit$$00000011          0x08000162   Section        0  libinit2.o(.ARM.Collect$$libinit$$00000011)
    .ARM.Collect$$libinit$$00000013          0x08000162   Section        0  libinit2.o(.ARM.Collect$$libinit$$00000013)
    .ARM.Collect$$libinit$$00000015          0x08000162   Section        0  libinit2.o(.ARM.Collect$$libinit$$00000015)
    .ARM.Collect$$libinit$$00000017          0x08000162   Section        0  libinit2.o(.ARM.Collect$$libinit$$00000017)
    .ARM.Collect$$libinit$$00000019          0x08000162   Section        0  libinit2.o(.ARM.Collect$$libinit$$00000019)
    .ARM.Collect$$libinit$$0000001B          0x08000162   Section        0  libinit2.o(.ARM.Collect$$libinit$$0000001B)
    .ARM.Collect$$libinit$$0000001D          0x08000162   Section        0  libinit2.o(.ARM.Collect$$libinit$$0000001D)
    .ARM.Collect$$libinit$$0000001F          0x08000162   Section        0  libinit2.o(.ARM.Collect$$libinit$$0000001F)
    .ARM.Collect$$libinit$$00000021          0x08000162   Section        0  libinit2.o(.ARM.Collect$$libinit$$00000021)
    .ARM.Collect$$libinit$$00000023          0x08000162   Section        0  libinit2.o(.ARM.Collect$$libinit$$00000023)
    .ARM.Collect$$libinit$$00000025          0x08000162   Section        0  libinit2.o(.ARM.Collect$$libinit$$00000025)
    .ARM.Collect$$libinit$$0000002C          0x08000162   Section        0  libinit2.o(.ARM.Collect$$libinit$$0000002C)
    .ARM.Collect$$libinit$$0000002E          0x08000162   Section        0  libinit2.o(.ARM.Collect$$libinit$$0000002E)
    .ARM.Collect$$libinit$$00000030          0x08000162   Section        0  libinit2.o(.ARM.Collect$$libinit$$00000030)
    .ARM.Collect$$libinit$$00000032          0x08000162   Section        0  libinit2.o(.ARM.Collect$$libinit$$00000032)
    .ARM.Collect$$libinit$$00000033          0x08000162   Section        2  libinit2.o(.ARM.Collect$$libinit$$00000033)
    .ARM.Collect$$libshutdown$$00000000      0x08000164   Section        2  libshutdown.o(.ARM.Collect$$libshutdown$$00000000)
    .ARM.Collect$$libshutdown$$00000002      0x08000166   Section        0  libshutdown2.o(.ARM.Collect$$libshutdown$$00000002)
    .ARM.Collect$$libshutdown$$00000004      0x08000166   Section        0  libshutdown2.o(.ARM.Collect$$libshutdown$$00000004)
    .ARM.Collect$$libshutdown$$00000007      0x08000166   Section        0  libshutdown2.o(.ARM.Collect$$libshutdown$$00000007)
    .ARM.Collect$$libshutdown$$0000000A      0x08000166   Section        0  libshutdown2.o(.ARM.Collect$$libshutdown$$0000000A)
    .ARM.Collect$$libshutdown$$0000000C      0x08000166   Section        0  libshutdown2.o(.ARM.Collect$$libshutdown$$0000000C)
    .ARM.Collect$$libshutdown$$0000000F      0x08000166   Section        0  libshutdown2.o(.ARM.Collect$$libshutdown$$0000000F)
    .ARM.Collect$$libshutdown$$00000010      0x08000166   Section        2  libshutdown2.o(.ARM.Collect$$libshutdown$$00000010)
    .ARM.Collect$$rtentry$$00000000          0x08000168   Section        0  __rtentry.o(.ARM.Collect$$rtentry$$00000000)
    .ARM.Collect$$rtentry$$00000002          0x08000168   Section        0  __rtentry2.o(.ARM.Collect$$rtentry$$00000002)
    .ARM.Collect$$rtentry$$00000004          0x08000168   Section        6  __rtentry4.o(.ARM.Collect$$rtentry$$00000004)
    .ARM.Collect$$rtentry$$00000009          0x0800016e   Section        0  __rtentry2.o(.ARM.Collect$$rtentry$$00000009)
    .ARM.Collect$$rtentry$$0000000A          0x0800016e   Section        4  __rtentry2.o(.ARM.Collect$$rtentry$$0000000A)
    .ARM.Collect$$rtentry$$0000000C          0x08000172   Section        0  __rtentry2.o(.ARM.Collect$$rtentry$$0000000C)
    .ARM.Collect$$rtentry$$0000000D          0x08000172   Section        8  __rtentry2.o(.ARM.Collect$$rtentry$$0000000D)
    .ARM.Collect$$rtexit$$00000000           0x0800017a   Section        2  rtexit.o(.ARM.Collect$$rtexit$$00000000)
    .ARM.Collect$$rtexit$$00000002           0x0800017c   Section        0  rtexit2.o(.ARM.Collect$$rtexit$$00000002)
    .ARM.Collect$$rtexit$$00000003           0x0800017c   Section        4  rtexit2.o(.ARM.Collect$$rtexit$$00000003)
    .ARM.Collect$$rtexit$$00000004           0x08000180   Section        6  rtexit2.o(.ARM.Collect$$rtexit$$00000004)
    .text                                    0x08000188   Section      152  tx_initialize_low_level.o(.text)
    .text                                    0x08000220   Section       64  startup_stm32f10x_md.o(.text)
    .text                                    0x08000260   Section      180  tx_thread_schedule.o(.text)
    .text                                    0x08000314   Section      232  tx_timer_interrupt.o(.text)
    .text                                    0x080003fc   Section        0  tx_initialize_high_level.o(.text)
    .text                                    0x08000428   Section        0  tx_initialize_kernel_enter.o(.text)
    .text                                    0x0800046c   Section        0  tx_thread_initialize.o(.text)
    .text                                    0x080004a0   Section        0  tx_thread_sleep.o(.text)
    .text                                    0x08000518   Section        0  txe_thread_create.o(.text)
    .text                                    0x08000660   Section        0  tx_thread_create.o(.text)
    .text                                    0x08000780   Section        0  tx_thread_system_preempt_check.o(.text)
    .text                                    0x080007c8   Section        0  tx_thread_system_suspend.o(.text)
    _tx_thread_system_return_inline          0x08000905   Thumb Code    34  tx_thread_system_suspend.o(.text)
    .text                                    0x0800094c   Section        0  tx_thread_time_slice.o(.text)
    .text                                    0x080009a8   Section        0  tx_timer_expiration_process.o(.text)
    .text                                    0x080009c8   Section        0  tx_timer_initialize.o(.text)
    .text                                    0x08000a4c   Section       64  tx_thread_stack_build.o(.text)
    .text                                    0x08000a8c   Section        0  tx_thread_shell_entry.o(.text)
    .text                                    0x08000af8   Section        0  tx_thread_system_resume.o(.text)
    _tx_thread_system_return_inline          0x08000bd1   Thumb Code    34  tx_thread_system_resume.o(.text)
    .text                                    0x08000c14   Section        0  tx_thread_timeout.o(.text)
    .text                                    0x08000c48   Section        0  tx_timer_system_activate.o(.text)
    .text                                    0x08000ca4   Section        0  tx_timer_thread_entry.o(.text)
    .text                                    0x08000db4   Section        0  tx_timer_system_deactivate.o(.text)
    .text                                    0x08000de2   Section       16  aeabi_memset.o(.text)
    .text                                    0x08000df2   Section       78  rt_memclr_w.o(.text)
    .text                                    0x08000e40   Section        0  heapauxi.o(.text)
    .text                                    0x08000e46   Section       68  rt_memclr.o(.text)
    .text                                    0x08000e8a   Section       74  sys_stackheap_outer.o(.text)
    .text                                    0x08000ed4   Section        0  exit.o(.text)
    .text                                    0x08000ee8   Section        8  libspace.o(.text)
    .text                                    0x08000ef0   Section        0  sys_exit.o(.text)
    .text                                    0x08000efc   Section        2  use_no_semi.o(.text)
    .text                                    0x08000efe   Section        0  indicate_semi.o(.text)
    RESET                                    0x08000f00   Section       80  tx_initialize_low_level.o(RESET)
    i.Compare_String                         0x08000f50   Section        0  main.o(i.Compare_String)
    i.Compare_String_Reverse                 0x08000f74   Section        0  main.o(i.Compare_String_Reverse)
    i.GPIO_Init                              0x08000fac   Section        0  stm32f10x_gpio.o(i.GPIO_Init)
    i.GPIO_StructInit                        0x080010c2   Section        0  stm32f10x_gpio.o(i.GPIO_StructInit)
    i.Get_String_Len                         0x080010d2   Section        0  main.o(i.Get_String_Len)
    i.Handle_Command                         0x080010e4   Section        0  main.o(i.Handle_Command)
    i.Init_Output                            0x0800122c   Section        0  main.o(i.Init_Output)
    i.RCC_APB2PeriphClockCmd                 0x0800128c   Section        0  stm32f10x_rcc.o(i.RCC_APB2PeriphClockCmd)
    i.RCC_GetClocksFreq                      0x080012ac   Section        0  stm32f10x_rcc.o(i.RCC_GetClocksFreq)
    i.Receive_Commmand                       0x08001380   Section        0  main.o(i.Receive_Commmand)
    i.SetSysClock                            0x080013fc   Section        0  system_stm32f10x.o(i.SetSysClock)
    SetSysClock                              0x080013fd   Thumb Code     8  system_stm32f10x.o(i.SetSysClock)
    i.SetSysClockTo72                        0x08001404   Section        0  system_stm32f10x.o(i.SetSysClockTo72)
    SetSysClockTo72                          0x08001405   Thumb Code   214  system_stm32f10x.o(i.SetSysClockTo72)
    i.SystemInit                             0x080014e4   Section        0  system_stm32f10x.o(i.SystemInit)
    i.Turn_Off_Led                           0x08001544   Section        0  main.o(i.Turn_Off_Led)
    i.Turn_On_Led                            0x08001558   Section        0  main.o(i.Turn_On_Led)
    i.USART_Cmd                              0x0800156c   Section        0  stm32f10x_usart.o(i.USART_Cmd)
    i.USART_GetITStatus                      0x08001584   Section        0  stm32f10x_usart.o(i.USART_GetITStatus)
    i.USART_ITConfig                         0x080015d8   Section        0  stm32f10x_usart.o(i.USART_ITConfig)
    i.USART_Init                             0x08001624   Section        0  stm32f10x_usart.o(i.USART_Init)
    i.USART_ReceiveData                      0x080016fc   Section        0  stm32f10x_usart.o(i.USART_ReceiveData)
    i.USART_StructInit                       0x08001706   Section        0  stm32f10x_usart.o(i.USART_StructInit)
    i.Usart_Init                             0x08001720   Section        0  main.o(i.Usart_Init)
    i.Usart_Send                             0x080017c0   Section        0  main.o(i.Usart_Send)
    i.Usart_Send_Line                        0x080017dc   Section        0  main.o(i.Usart_Send_Line)
    i.Usart_Send_Newline                     0x080017f4   Section        0  main.o(i.Usart_Send_Newline)
    i.Usart_Send_String                      0x08001804   Section        0  main.o(i.Usart_Send_String)
    i.main                                   0x0800181e   Section        0  main.o(i.main)
    i.tx_application_define                  0x08001830   Section        0  main.o(i.tx_application_define)
    .data                                    0x20000000   Section        4  main.o(.data)
    .data                                    0x20000004   Section       20  stm32f10x_rcc.o(.data)
    APBAHBPrescTable                         0x20000004   Data          16  stm32f10x_rcc.o(.data)
    ADCPrescTable                            0x20000014   Data           4  stm32f10x_rcc.o(.data)
    .data                                    0x20000018   Section       48  tx_initialize_high_level.o(.data)
    .data                                    0x20000048   Section        4  tx_initialize_high_level.o(.data)
    .data                                    0x2000004c   Section        4  tx_thread_initialize.o(.data)
    .data                                    0x20000050   Section        4  tx_thread_initialize.o(.data)
    .data                                    0x20000054   Section       40  tx_thread_initialize.o(.data)
    .data                                    0x2000007c   Section       52  tx_timer_initialize.o(.data)
    .bss                                     0x200000b0   Section     2423  main.o(.bss)
    .bss                                     0x20000a28   Section      128  tx_thread_initialize.o(.bss)
    .bss                                     0x20000aa8   Section     1332  tx_timer_initialize.o(.bss)
    .bss                                     0x20000fdc   Section       96  libspace.o(.bss)
    HEAP                                     0x20001040   Section      512  startup_stm32f10x_md.o(HEAP)
    HEAP                                     0x20001040   Section        0  tx_initialize_low_level.o(HEAP)
    HeapMem                                  0x20001040   Data           0  tx_initialize_low_level.o(HEAP)
    Heap_Mem                                 0x20001040   Data         512  startup_stm32f10x_md.o(HEAP)
    STACK                                    0x20001240   Section     1024  tx_initialize_low_level.o(STACK)
    StackMem                                 0x20001240   Data           0  tx_initialize_low_level.o(STACK)
    STACK                                    0x20001640   Section     1024  startup_stm32f10x_md.o(STACK)
    Stack_Mem                                0x20001640   Data        1024  startup_stm32f10x_md.o(STACK)
    __initial_sp                             0x20001640   Data           0  tx_initialize_low_level.o(STACK)
    __initial_sp                             0x20001a40   Data           0  startup_stm32f10x_md.o(STACK)

    Global Symbols

    Symbol Name                              Value     Ov Type        Size  Object(Section)

    BuildAttributes$$THM_ISAv4$P$D$K$B$S$PE$A:L22UL41UL21$X:L11$S22US41US21$IEEE1$IW$USESV6$~STKCKD$USESV7$~SHL$OSPACE$ROPI$EBA8$UX$STANDARDLIB$REQ8$PRES8$EABIv2 0x00000000   Number         0  anon$$obj.o ABSOLUTE
    __ARM_use_no_argv                        0x00000000   Number         0  main.o ABSOLUTE
    __ARM_exceptions_init                     - Undefined Weak Reference
    __alloca_initialize                       - Undefined Weak Reference
    __arm_preinit_                            - Undefined Weak Reference
    __cpp_initialize__aeabi_                  - Undefined Weak Reference
    __cxa_finalize                            - Undefined Weak Reference
    __rt_locale                               - Undefined Weak Reference
    __sigvec_lookup                           - Undefined Weak Reference
    _atexit_init                              - Undefined Weak Reference
    _call_atexit_fns                          - Undefined Weak Reference
    _clock_init                               - Undefined Weak Reference
    _fp_trap_init                             - Undefined Weak Reference
    _fp_trap_shutdown                         - Undefined Weak Reference
    _get_lc_collate                           - Undefined Weak Reference
    _get_lc_ctype                             - Undefined Weak Reference
    _get_lc_monetary                          - Undefined Weak Reference
    _get_lc_numeric                           - Undefined Weak Reference
    _get_lc_time                              - Undefined Weak Reference
    _getenv_init                              - Undefined Weak Reference
    _handle_redirection                       - Undefined Weak Reference
    _init_alloc                               - Undefined Weak Reference
    _init_user_alloc                          - Undefined Weak Reference
    _initio                                   - Undefined Weak Reference
    _rand_init                                - Undefined Weak Reference
    _signal_finish                            - Undefined Weak Reference
    _signal_init                              - Undefined Weak Reference
    _terminate_alloc                          - Undefined Weak Reference
    _terminate_user_alloc                     - Undefined Weak Reference
    _terminateio                              - Undefined Weak Reference
    __Vectors_Size                           0x000000ec   Number         0  startup_stm32f10x_md.o ABSOLUTE
    __Vectors                                0x08000000   Data           4  startup_stm32f10x_md.o(RESET)
    __Vectors_End                            0x080000ec   Data           0  startup_stm32f10x_md.o(RESET)
    __main                                   0x080000ed   Thumb Code     8  __main.o(!!!main)
    __scatterload                            0x080000f5   Thumb Code     0  __scatter.o(!!!scatter)
    __scatterload_rt2                        0x080000f5   Thumb Code    44  __scatter.o(!!!scatter)
    __scatterload_rt2_thumb_only             0x080000f5   Thumb Code     0  __scatter.o(!!!scatter)
    __scatterload_null                       0x08000103   Thumb Code     0  __scatter.o(!!!scatter)
    __scatterload_copy                       0x08000129   Thumb Code    26  __scatter_copy.o(!!handler_copy)
    __scatterload_zeroinit                   0x08000145   Thumb Code    28  __scatter_zi.o(!!handler_zi)
    __rt_lib_init                            0x08000161   Thumb Code     0  libinit.o(.ARM.Collect$$libinit$$00000000)
    __rt_lib_init_alloca_1                   0x08000163   Thumb Code     0  libinit2.o(.ARM.Collect$$libinit$$0000002E)
    __rt_lib_init_argv_1                     0x08000163   Thumb Code     0  libinit2.o(.ARM.Collect$$libinit$$0000002C)
    __rt_lib_init_atexit_1                   0x08000163   Thumb Code     0  libinit2.o(.ARM.Collect$$libinit$$0000001B)
    __rt_lib_init_clock_1                    0x08000163   Thumb Code     0  libinit2.o(.ARM.Collect$$libinit$$00000021)
    __rt_lib_init_cpp_1                      0x08000163   Thumb Code     0  libinit2.o(.ARM.Collect$$libinit$$00000032)
    __rt_lib_init_exceptions_1               0x08000163   Thumb Code     0  libinit2.o(.ARM.Collect$$libinit$$00000030)
    __rt_lib_init_fp_1                       0x08000163   Thumb Code     0  libinit2.o(.ARM.Collect$$libinit$$00000002)
    __rt_lib_init_fp_trap_1                  0x08000163   Thumb Code     0  libinit2.o(.ARM.Collect$$libinit$$0000001F)
    __rt_lib_init_getenv_1                   0x08000163   Thumb Code     0  libinit2.o(.ARM.Collect$$libinit$$00000023)
    __rt_lib_init_heap_1                     0x08000163   Thumb Code     0  libinit2.o(.ARM.Collect$$libinit$$0000000A)
    __rt_lib_init_lc_collate_1               0x08000163   Thumb Code     0  libinit2.o(.ARM.Collect$$libinit$$00000011)
    __rt_lib_init_lc_ctype_1                 0x08000163   Thumb Code     0  libinit2.o(.ARM.Collect$$libinit$$00000013)
    __rt_lib_init_lc_monetary_1              0x08000163   Thumb Code     0  libinit2.o(.ARM.Collect$$libinit$$00000015)
    __rt_lib_init_lc_numeric_1               0x08000163   Thumb Code     0  libinit2.o(.ARM.Collect$$libinit$$00000017)
    __rt_lib_init_lc_time_1                  0x08000163   Thumb Code     0  libinit2.o(.ARM.Collect$$libinit$$00000019)
    __rt_lib_init_preinit_1                  0x08000163   Thumb Code     0  libinit2.o(.ARM.Collect$$libinit$$00000004)
    __rt_lib_init_rand_1                     0x08000163   Thumb Code     0  libinit2.o(.ARM.Collect$$libinit$$0000000E)
    __rt_lib_init_return                     0x08000163   Thumb Code     0  libinit2.o(.ARM.Collect$$libinit$$00000033)
    __rt_lib_init_signal_1                   0x08000163   Thumb Code     0  libinit2.o(.ARM.Collect$$libinit$$0000001D)
    __rt_lib_init_stdio_1                    0x08000163   Thumb Code     0  libinit2.o(.ARM.Collect$$libinit$$00000025)
    __rt_lib_init_user_alloc_1               0x08000163   Thumb Code     0  libinit2.o(.ARM.Collect$$libinit$$0000000C)
    __rt_lib_shutdown                        0x08000165   Thumb Code     0  libshutdown.o(.ARM.Collect$$libshutdown$$00000000)
    __rt_lib_shutdown_cpp_1                  0x08000167   Thumb Code     0  libshutdown2.o(.ARM.Collect$$libshutdown$$00000002)
    __rt_lib_shutdown_fp_trap_1              0x08000167   Thumb Code     0  libshutdown2.o(.ARM.Collect$$libshutdown$$00000007)
    __rt_lib_shutdown_heap_1                 0x08000167   Thumb Code     0  libshutdown2.o(.ARM.Collect$$libshutdown$$0000000F)
    __rt_lib_shutdown_return                 0x08000167   Thumb Code     0  libshutdown2.o(.ARM.Collect$$libshutdown$$00000010)
    __rt_lib_shutdown_signal_1               0x08000167   Thumb Code     0  libshutdown2.o(.ARM.Collect$$libshutdown$$0000000A)
    __rt_lib_shutdown_stdio_1                0x08000167   Thumb Code     0  libshutdown2.o(.ARM.Collect$$libshutdown$$00000004)
    __rt_lib_shutdown_user_alloc_1           0x08000167   Thumb Code     0  libshutdown2.o(.ARM.Collect$$libshutdown$$0000000C)
    __rt_entry                               0x08000169   Thumb Code     0  __rtentry.o(.ARM.Collect$$rtentry$$00000000)
    __rt_entry_presh_1                       0x08000169   Thumb Code     0  __rtentry2.o(.ARM.Collect$$rtentry$$00000002)
    __rt_entry_sh                            0x08000169   Thumb Code     0  __rtentry4.o(.ARM.Collect$$rtentry$$00000004)
    __rt_entry_li                            0x0800016f   Thumb Code     0  __rtentry2.o(.ARM.Collect$$rtentry$$0000000A)
    __rt_entry_postsh_1                      0x0800016f   Thumb Code     0  __rtentry2.o(.ARM.Collect$$rtentry$$00000009)
    __rt_entry_main                          0x08000173   Thumb Code     0  __rtentry2.o(.ARM.Collect$$rtentry$$0000000D)
    __rt_entry_postli_1                      0x08000173   Thumb Code     0  __rtentry2.o(.ARM.Collect$$rtentry$$0000000C)
    __rt_exit                                0x0800017b   Thumb Code     0  rtexit.o(.ARM.Collect$$rtexit$$00000000)
    __rt_exit_ls                             0x0800017d   Thumb Code     0  rtexit2.o(.ARM.Collect$$rtexit$$00000003)
    __rt_exit_prels_1                        0x0800017d   Thumb Code     0  rtexit2.o(.ARM.Collect$$rtexit$$00000002)
    __rt_exit_exit                           0x08000181   Thumb Code     0  rtexit2.o(.ARM.Collect$$rtexit$$00000004)
    Reset_Handler                            0x08000189   Thumb Code     0  tx_initialize_low_level.o(.text)
    _tx_initialize_low_level                 0x0800018f   Thumb Code     0  tx_initialize_low_level.o(.text)
    __user_initial_stackheap1                0x080001d5   Thumb Code     0  tx_initialize_low_level.o(.text)
    __tx_BadHandler                          0x080001df   Thumb Code     0  tx_initialize_low_level.o(.text)
    __tx_SVCallHandler                       0x080001e1   Thumb Code     0  tx_initialize_low_level.o(.text)
    __tx_IntHandler                          0x080001e3   Thumb Code     0  tx_initialize_low_level.o(.text)
    __tx_SysTickHandler                      0x080001eb   Thumb Code     0  tx_initialize_low_level.o(.text)
    __tx_NMIHandler                          0x080001f7   Thumb Code     0  tx_initialize_low_level.o(.text)
    __tx_DBGHandler                          0x080001f9   Thumb Code     0  tx_initialize_low_level.o(.text)
    NMI_Handler                              0x08000229   Thumb Code     2  startup_stm32f10x_md.o(.text)
    HardFault_Handler                        0x0800022b   Thumb Code     2  startup_stm32f10x_md.o(.text)
    MemManage_Handler                        0x0800022d   Thumb Code     2  startup_stm32f10x_md.o(.text)
    BusFault_Handler                         0x0800022f   Thumb Code     2  startup_stm32f10x_md.o(.text)
    UsageFault_Handler                       0x08000231   Thumb Code     2  startup_stm32f10x_md.o(.text)
    SVC_Handler                              0x08000233   Thumb Code     2  startup_stm32f10x_md.o(.text)
    DebugMon_Handler                         0x08000235   Thumb Code     2  startup_stm32f10x_md.o(.text)
    SysTick_Handler                          0x08000239   Thumb Code     2  startup_stm32f10x_md.o(.text)
    ADC1_2_IRQHandler                        0x0800023b   Thumb Code     0  startup_stm32f10x_md.o(.text)
    CAN1_RX1_IRQHandler                      0x0800023b   Thumb Code     0  startup_stm32f10x_md.o(.text)
    CAN1_SCE_IRQHandler                      0x0800023b   Thumb Code     0  startup_stm32f10x_md.o(.text)
    DMA1_Channel1_IRQHandler                 0x0800023b   Thumb Code     0  startup_stm32f10x_md.o(.text)
    DMA1_Channel2_IRQHandler                 0x0800023b   Thumb Code     0  startup_stm32f10x_md.o(.text)
    DMA1_Channel3_IRQHandler                 0x0800023b   Thumb Code     0  startup_stm32f10x_md.o(.text)
    DMA1_Channel4_IRQHandler                 0x0800023b   Thumb Code     0  startup_stm32f10x_md.o(.text)
    DMA1_Channel5_IRQHandler                 0x0800023b   Thumb Code     0  startup_stm32f10x_md.o(.text)
    DMA1_Channel6_IRQHandler                 0x0800023b   Thumb Code     0  startup_stm32f10x_md.o(.text)
    DMA1_Channel7_IRQHandler                 0x0800023b   Thumb Code     0  startup_stm32f10x_md.o(.text)
    EXTI0_IRQHandler                         0x0800023b   Thumb Code     0  startup_stm32f10x_md.o(.text)
    EXTI15_10_IRQHandler                     0x0800023b   Thumb Code     0  startup_stm32f10x_md.o(.text)
    EXTI1_IRQHandler                         0x0800023b   Thumb Code     0  startup_stm32f10x_md.o(.text)
    EXTI2_IRQHandler                         0x0800023b   Thumb Code     0  startup_stm32f10x_md.o(.text)
    EXTI3_IRQHandler                         0x0800023b   Thumb Code     0  startup_stm32f10x_md.o(.text)
    EXTI4_IRQHandler                         0x0800023b   Thumb Code     0  startup_stm32f10x_md.o(.text)
    EXTI9_5_IRQHandler                       0x0800023b   Thumb Code     0  startup_stm32f10x_md.o(.text)
    FLASH_IRQHandler                         0x0800023b   Thumb Code     0  startup_stm32f10x_md.o(.text)
    I2C1_ER_IRQHandler                       0x0800023b   Thumb Code     0  startup_stm32f10x_md.o(.text)
    I2C1_EV_IRQHandler                       0x0800023b   Thumb Code     0  startup_stm32f10x_md.o(.text)
    I2C2_ER_IRQHandler                       0x0800023b   Thumb Code     0  startup_stm32f10x_md.o(.text)
    I2C2_EV_IRQHandler                       0x0800023b   Thumb Code     0  startup_stm32f10x_md.o(.text)
    PVD_IRQHandler                           0x0800023b   Thumb Code     0  startup_stm32f10x_md.o(.text)
    RCC_IRQHandler                           0x0800023b   Thumb Code     0  startup_stm32f10x_md.o(.text)
    RTCAlarm_IRQHandler                      0x0800023b   Thumb Code     0  startup_stm32f10x_md.o(.text)
    RTC_IRQHandler                           0x0800023b   Thumb Code     0  startup_stm32f10x_md.o(.text)
    SPI1_IRQHandler                          0x0800023b   Thumb Code     0  startup_stm32f10x_md.o(.text)
    SPI2_IRQHandler                          0x0800023b   Thumb Code     0  startup_stm32f10x_md.o(.text)
    TAMPER_IRQHandler                        0x0800023b   Thumb Code     0  startup_stm32f10x_md.o(.text)
    TIM1_BRK_IRQHandler                      0x0800023b   Thumb Code     0  startup_stm32f10x_md.o(.text)
    TIM1_CC_IRQHandler                       0x0800023b   Thumb Code     0  startup_stm32f10x_md.o(.text)
    TIM1_TRG_COM_IRQHandler                  0x0800023b   Thumb Code     0  startup_stm32f10x_md.o(.text)
    TIM1_UP_IRQHandler                       0x0800023b   Thumb Code     0  startup_stm32f10x_md.o(.text)
    TIM2_IRQHandler                          0x0800023b   Thumb Code     0  startup_stm32f10x_md.o(.text)
    TIM3_IRQHandler                          0x0800023b   Thumb Code     0  startup_stm32f10x_md.o(.text)
    TIM4_IRQHandler                          0x0800023b   Thumb Code     0  startup_stm32f10x_md.o(.text)
    USART1_IRQHandler                        0x0800023b   Thumb Code     0  startup_stm32f10x_md.o(.text)
    USART2_IRQHandler                        0x0800023b   Thumb Code     0  startup_stm32f10x_md.o(.text)
    USART3_IRQHandler                        0x0800023b   Thumb Code     0  startup_stm32f10x_md.o(.text)
    USBWakeUp_IRQHandler                     0x0800023b   Thumb Code     0  startup_stm32f10x_md.o(.text)
    USB_HP_CAN1_TX_IRQHandler                0x0800023b   Thumb Code     0  startup_stm32f10x_md.o(.text)
    USB_LP_CAN1_RX0_IRQHandler               0x0800023b   Thumb Code     0  startup_stm32f10x_md.o(.text)
    WWDG_IRQHandler                          0x0800023b   Thumb Code     0  startup_stm32f10x_md.o(.text)
    __user_initial_stackheap                 0x0800023d   Thumb Code     0  startup_stm32f10x_md.o(.text)
    _tx_thread_schedule                      0x08000261   Thumb Code     0  tx_thread_schedule.o(.text)
    PendSV_Handler                           0x08000281   Thumb Code     0  tx_thread_schedule.o(.text)
    __tx_PendSVHandler                       0x08000281   Thumb Code     0  tx_thread_schedule.o(.text)
    _tx_timer_interrupt                      0x08000315   Thumb Code     0  tx_timer_interrupt.o(.text)
    _tx_initialize_high_level                0x080003fd   Thumb Code    40  tx_initialize_high_level.o(.text)
    _tx_initialize_kernel_enter              0x08000429   Thumb Code    56  tx_initialize_kernel_enter.o(.text)
    _tx_thread_initialize                    0x0800046d   Thumb Code    44  tx_thread_initialize.o(.text)
    _tx_thread_sleep                         0x080004a1   Thumb Code   102  tx_thread_sleep.o(.text)
    _txe_thread_create                       0x08000519   Thumb Code   302  txe_thread_create.o(.text)
    _tx_thread_create                        0x08000661   Thumb Code   256  tx_thread_create.o(.text)
    _tx_thread_system_preempt_check          0x08000781   Thumb Code    54  tx_thread_system_preempt_check.o(.text)
    _tx_thread_system_suspend                0x080007c9   Thumb Code   316  tx_thread_system_suspend.o(.text)
    _tx_thread_time_slice                    0x0800094d   Thumb Code    68  tx_thread_time_slice.o(.text)
    _tx_timer_expiration_process             0x080009a9   Thumb Code    24  tx_timer_expiration_process.o(.text)
    _tx_timer_initialize                     0x080009c9   Thumb Code    94  tx_timer_initialize.o(.text)
    _tx_thread_stack_build                   0x08000a4d   Thumb Code     0  tx_thread_stack_build.o(.text)
    _tx_thread_shell_entry                   0x08000a8d   Thumb Code    94  tx_thread_shell_entry.o(.text)
    _tx_thread_system_resume                 0x08000af9   Thumb Code   216  tx_thread_system_resume.o(.text)
    _tx_thread_timeout                       0x08000c15   Thumb Code    46  tx_thread_timeout.o(.text)
    _tx_timer_system_activate                0x08000c49   Thumb Code    80  tx_timer_system_activate.o(.text)
    _tx_timer_thread_entry                   0x08000ca5   Thumb Code   240  tx_timer_thread_entry.o(.text)
    _tx_timer_system_deactivate              0x08000db5   Thumb Code    46  tx_timer_system_deactivate.o(.text)
    __aeabi_memset                           0x08000de3   Thumb Code    16  aeabi_memset.o(.text)
    __aeabi_memclr4                          0x08000df3   Thumb Code     0  rt_memclr_w.o(.text)
    __aeabi_memclr8                          0x08000df3   Thumb Code     0  rt_memclr_w.o(.text)
    __rt_memclr_w                            0x08000df3   Thumb Code    78  rt_memclr_w.o(.text)
    _memset_w                                0x08000df7   Thumb Code     0  rt_memclr_w.o(.text)
    __use_two_region_memory                  0x08000e41   Thumb Code     2  heapauxi.o(.text)
    __rt_heap_escrow$2region                 0x08000e43   Thumb Code     2  heapauxi.o(.text)
    __rt_heap_expand$2region                 0x08000e45   Thumb Code     2  heapauxi.o(.text)
    __aeabi_memclr                           0x08000e47   Thumb Code     0  rt_memclr.o(.text)
    __rt_memclr                              0x08000e47   Thumb Code    68  rt_memclr.o(.text)
    _memset                                  0x08000e4b   Thumb Code     0  rt_memclr.o(.text)
    __user_setup_stackheap                   0x08000e8b   Thumb Code    74  sys_stackheap_outer.o(.text)
    exit                                     0x08000ed5   Thumb Code    18  exit.o(.text)
    __user_libspace                          0x08000ee9   Thumb Code     8  libspace.o(.text)
    __user_perproc_libspace                  0x08000ee9   Thumb Code     0  libspace.o(.text)
    __user_perthread_libspace                0x08000ee9   Thumb Code     0  libspace.o(.text)
    _sys_exit                                0x08000ef1   Thumb Code     8  sys_exit.o(.text)
    __I$use$semihosting                      0x08000efd   Thumb Code     0  use_no_semi.o(.text)
    __use_no_semihosting_swi                 0x08000efd   Thumb Code     2  use_no_semi.o(.text)
    __semihosting_library_function           0x08000eff   Thumb Code     0  indicate_semi.o(.text)
    __tx_vectors                             0x08000f00   Data           0  tx_initialize_low_level.o(RESET)
    Compare_String                           0x08000f51   Thumb Code    36  main.o(i.Compare_String)
    Compare_String_Reverse                   0x08000f75   Thumb Code    56  main.o(i.Compare_String_Reverse)
    GPIO_Init                                0x08000fad   Thumb Code   278  stm32f10x_gpio.o(i.GPIO_Init)
    GPIO_StructInit                          0x080010c3   Thumb Code    16  stm32f10x_gpio.o(i.GPIO_StructInit)
    Get_String_Len                           0x080010d3   Thumb Code    16  main.o(i.Get_String_Len)
    Handle_Command                           0x080010e5   Thumb Code   252  main.o(i.Handle_Command)
    Init_Output                              0x0800122d   Thumb Code    88  main.o(i.Init_Output)
    RCC_APB2PeriphClockCmd                   0x0800128d   Thumb Code    26  stm32f10x_rcc.o(i.RCC_APB2PeriphClockCmd)
    RCC_GetClocksFreq                        0x080012ad   Thumb Code   192  stm32f10x_rcc.o(i.RCC_GetClocksFreq)
    Receive_Commmand                         0x08001381   Thumb Code    92  main.o(i.Receive_Commmand)
    SystemInit                               0x080014e5   Thumb Code    78  system_stm32f10x.o(i.SystemInit)
    Turn_Off_Led                             0x08001545   Thumb Code    16  main.o(i.Turn_Off_Led)
    Turn_On_Led                              0x08001559   Thumb Code    16  main.o(i.Turn_On_Led)
    USART_Cmd                                0x0800156d   Thumb Code    24  stm32f10x_usart.o(i.USART_Cmd)
    USART_GetITStatus                        0x08001585   Thumb Code    84  stm32f10x_usart.o(i.USART_GetITStatus)
    USART_ITConfig                           0x080015d9   Thumb Code    74  stm32f10x_usart.o(i.USART_ITConfig)
    USART_Init                               0x08001625   Thumb Code   210  stm32f10x_usart.o(i.USART_Init)
    USART_ReceiveData                        0x080016fd   Thumb Code    10  stm32f10x_usart.o(i.USART_ReceiveData)
    USART_StructInit                         0x08001707   Thumb Code    24  stm32f10x_usart.o(i.USART_StructInit)
    Usart_Init                               0x08001721   Thumb Code   150  main.o(i.Usart_Init)
    Usart_Send                               0x080017c1   Thumb Code    22  main.o(i.Usart_Send)
    Usart_Send_Line                          0x080017dd   Thumb Code    18  main.o(i.Usart_Send_Line)
    Usart_Send_Newline                       0x080017f5   Thumb Code    10  main.o(i.Usart_Send_Newline)
    Usart_Send_String                        0x08001805   Thumb Code    26  main.o(i.Usart_Send_String)
    main                                     0x0800181f   Thumb Code    18  main.o(i.main)
    tx_application_define                    0x08001831   Thumb Code    82  main.o(i.tx_application_define)
    Region$$Table$$Base                      0x080018b4   Number         0  anon$$obj.o(Region$$Table)
    Image$$RO$$Limit                         0x080018d4   Number         0  anon$$obj.o ABSOLUTE
    Region$$Table$$Limit                     0x080018d4   Number         0  anon$$obj.o(Region$$Table)
    Image$$RW$$Base                          0x20000000   Number         0  anon$$obj.o ABSOLUTE
    handle_ready                             0x20000000   Data           4  main.o(.data)
    _tx_semaphore_created_ptr                0x20000018   Data           4  tx_initialize_high_level.o(.data)
    _tx_semaphore_created_count              0x2000001c   Data           4  tx_initialize_high_level.o(.data)
    _tx_queue_created_ptr                    0x20000020   Data           4  tx_initialize_high_level.o(.data)
    _tx_queue_created_count                  0x20000024   Data           4  tx_initialize_high_level.o(.data)
    _tx_event_flags_created_ptr              0x20000028   Data           4  tx_initialize_high_level.o(.data)
    _tx_event_flags_created_count            0x2000002c   Data           4  tx_initialize_high_level.o(.data)
    _tx_mutex_created_ptr                    0x20000030   Data           4  tx_initialize_high_level.o(.data)
    _tx_mutex_created_count                  0x20000034   Data           4  tx_initialize_high_level.o(.data)
    _tx_block_pool_created_ptr               0x20000038   Data           4  tx_initialize_high_level.o(.data)
    _tx_block_pool_created_count             0x2000003c   Data           4  tx_initialize_high_level.o(.data)
    _tx_byte_pool_created_ptr                0x20000040   Data           4  tx_initialize_high_level.o(.data)
    _tx_byte_pool_created_count              0x20000044   Data           4  tx_initialize_high_level.o(.data)
    _tx_initialize_unused_memory             0x20000048   Data           4  tx_initialize_high_level.o(.data)
    _tx_thread_system_state                  0x2000004c   Data           4  tx_thread_initialize.o(.data)
    _tx_thread_system_stack_ptr              0x20000050   Data           4  tx_thread_initialize.o(.data)
    _tx_thread_current_ptr                   0x20000054   Data           4  tx_thread_initialize.o(.data)
    _tx_thread_execute_ptr                   0x20000058   Data           4  tx_thread_initialize.o(.data)
    _tx_thread_created_ptr                   0x2000005c   Data           4  tx_thread_initialize.o(.data)
    _tx_thread_created_count                 0x20000060   Data           4  tx_thread_initialize.o(.data)
    _tx_thread_priority_maps                 0x20000064   Data           4  tx_thread_initialize.o(.data)
    _tx_thread_preempted_maps                0x20000068   Data           4  tx_thread_initialize.o(.data)
    _tx_thread_highest_priority              0x2000006c   Data           4  tx_thread_initialize.o(.data)
    _tx_thread_preempt_disable               0x20000070   Data           4  tx_thread_initialize.o(.data)
    _tx_thread_mutex_release                 0x20000074   Data           4  tx_thread_initialize.o(.data)
    _tx_build_options                        0x20000078   Data           4  tx_thread_initialize.o(.data)
    _tx_timer_system_clock                   0x2000007c   Data           4  tx_timer_initialize.o(.data)
    _tx_timer_expired_time_slice             0x20000080   Data           4  tx_timer_initialize.o(.data)
    _tx_timer_list_start                     0x20000084   Data           4  tx_timer_initialize.o(.data)
    _tx_timer_list_end                       0x20000088   Data           4  tx_timer_initialize.o(.data)
    _tx_timer_current_ptr                    0x2000008c   Data           4  tx_timer_initialize.o(.data)
    _tx_timer_expired                        0x20000090   Data           4  tx_timer_initialize.o(.data)
    _tx_timer_created_ptr                    0x20000094   Data           4  tx_timer_initialize.o(.data)
    _tx_timer_created_count                  0x20000098   Data           4  tx_timer_initialize.o(.data)
    _tx_timer_expired_timer_ptr              0x2000009c   Data           4  tx_timer_initialize.o(.data)
    _tx_timer_stack_start                    0x200000a0   Data           4  tx_timer_initialize.o(.data)
    _tx_timer_stack_size                     0x200000a4   Data           4  tx_timer_initialize.o(.data)
    _tx_timer_priority                       0x200000a8   Data           4  tx_timer_initialize.o(.data)
    _tx_timer_time_slice                     0x200000ac   Data           4  tx_timer_initialize.o(.data)
    Image$$ZI$$Base                          0x200000b0   Number         0  anon$$obj.o ABSOLUTE
    Uart                                     0x200000b0   Data         180  main.o(.bss)
    Handle                                   0x20000164   Data         180  main.o(.bss)
    uart_stack                               0x20000218   Data        1024  main.o(.bss)
    handle_stack                             0x20000618   Data        1024  main.o(.bss)
    usart_buf                                0x20000a18   Data          15  main.o(.bss)
    _tx_thread_priority_list                 0x20000a28   Data         128  tx_thread_initialize.o(.bss)
    _tx_timer_list                           0x20000aa8   Data         128  tx_timer_initialize.o(.bss)
    _tx_timer_thread                         0x20000b28   Data         180  tx_timer_initialize.o(.bss)
    _tx_timer_thread_stack_area              0x20000bdc   Data        1024  tx_timer_initialize.o(.bss)
    __libspace_start                         0x20000fdc   Data          96  libspace.o(.bss)
    __temporary_stack_top$libspace           0x2000103c   Data           0  libspace.o(.bss)
    Image$$ZI$$Limit                         0x20001a40   Number         0  anon$$obj.o ABSOLUTE



==============================================================================

Memory Map of the image

  Image Entry point : 0x08000189

  Load Region LR_1 (Base: 0x08000000, Size: 0x00001984, Max: 0xffffffff, ABSOLUTE)

    Execution Region ER_RO (Exec base: 0x08000000, Load base: 0x08000000, Size: 0x000018d4, Max: 0xffffffff, ABSOLUTE)

    Exec Addr    Load Addr    Size         Type   Attr      Idx    E Section Name        Object

    0x08000000   0x08000000   0x000000ec   Data   RO          766    RESET               startup_stm32f10x_md.o
    0x080000ec   0x080000ec   0x00000008   Code   RO         1150  * !!!main             c_w.l(__main.o)
    0x080000f4   0x080000f4   0x00000034   Code   RO         1309    !!!scatter          c_w.l(__scatter.o)
    0x08000128   0x08000128   0x0000001a   Code   RO         1311    !!handler_copy      c_w.l(__scatter_copy.o)
    0x08000142   0x08000142   0x00000002   PAD
    0x08000144   0x08000144   0x0000001c   Code   RO         1313    !!handler_zi        c_w.l(__scatter_zi.o)
    0x08000160   0x08000160   0x00000002   Code   RO         1179    .ARM.Collect$$libinit$$00000000  c_w.l(libinit.o)
    0x08000162   0x08000162   0x00000000   Code   RO         1186    .ARM.Collect$$libinit$$00000002  c_w.l(libinit2.o)
    0x08000162   0x08000162   0x00000000   Code   RO         1188    .ARM.Collect$$libinit$$00000004  c_w.l(libinit2.o)
    0x08000162   0x08000162   0x00000000   Code   RO         1191    .ARM.Collect$$libinit$$0000000A  c_w.l(libinit2.o)
    0x08000162   0x08000162   0x00000000   Code   RO         1193    .ARM.Collect$$libinit$$0000000C  c_w.l(libinit2.o)
    0x08000162   0x08000162   0x00000000   Code   RO         1195    .ARM.Collect$$libinit$$0000000E  c_w.l(libinit2.o)
    0x08000162   0x08000162   0x00000000   Code   RO         1198    .ARM.Collect$$libinit$$00000011  c_w.l(libinit2.o)
    0x08000162   0x08000162   0x00000000   Code   RO         1200    .ARM.Collect$$libinit$$00000013  c_w.l(libinit2.o)
    0x08000162   0x08000162   0x00000000   Code   RO         1202    .ARM.Collect$$libinit$$00000015  c_w.l(libinit2.o)
    0x08000162   0x08000162   0x00000000   Code   RO         1204    .ARM.Collect$$libinit$$00000017  c_w.l(libinit2.o)
    0x08000162   0x08000162   0x00000000   Code   RO         1206    .ARM.Collect$$libinit$$00000019  c_w.l(libinit2.o)
    0x08000162   0x08000162   0x00000000   Code   RO         1208    .ARM.Collect$$libinit$$0000001B  c_w.l(libinit2.o)
    0x08000162   0x08000162   0x00000000   Code   RO         1210    .ARM.Collect$$libinit$$0000001D  c_w.l(libinit2.o)
    0x08000162   0x08000162   0x00000000   Code   RO         1212    .ARM.Collect$$libinit$$0000001F  c_w.l(libinit2.o)
    0x08000162   0x08000162   0x00000000   Code   RO         1214    .ARM.Collect$$libinit$$00000021  c_w.l(libinit2.o)
    0x08000162   0x08000162   0x00000000   Code   RO         1216    .ARM.Collect$$libinit$$00000023  c_w.l(libinit2.o)
    0x08000162   0x08000162   0x00000000   Code   RO         1218    .ARM.Collect$$libinit$$00000025  c_w.l(libinit2.o)
    0x08000162   0x08000162   0x00000000   Code   RO         1222    .ARM.Collect$$libinit$$0000002C  c_w.l(libinit2.o)
    0x08000162   0x08000162   0x00000000   Code   RO         1224    .ARM.Collect$$libinit$$0000002E  c_w.l(libinit2.o)
    0x08000162   0x08000162   0x00000000   Code   RO         1226    .ARM.Collect$$libinit$$00000030  c_w.l(libinit2.o)
    0x08000162   0x08000162   0x00000000   Code   RO         1228    .ARM.Collect$$libinit$$00000032  c_w.l(libinit2.o)
    0x08000162   0x08000162   0x00000002   Code   RO         1229    .ARM.Collect$$libinit$$00000033  c_w.l(libinit2.o)
    0x08000164   0x08000164   0x00000002   Code   RO         1249    .ARM.Collect$$libshutdown$$00000000  c_w.l(libshutdown.o)
    0x08000166   0x08000166   0x00000000   Code   RO         1262    .ARM.Collect$$libshutdown$$00000002  c_w.l(libshutdown2.o)
    0x08000166   0x08000166   0x00000000   Code   RO         1264    .ARM.Collect$$libshutdown$$00000004  c_w.l(libshutdown2.o)
    0x08000166   0x08000166   0x00000000   Code   RO         1267    .ARM.Collect$$libshutdown$$00000007  c_w.l(libshutdown2.o)
    0x08000166   0x08000166   0x00000000   Code   RO         1270    .ARM.Collect$$libshutdown$$0000000A  c_w.l(libshutdown2.o)
    0x08000166   0x08000166   0x00000000   Code   RO         1272    .ARM.Collect$$libshutdown$$0000000C  c_w.l(libshutdown2.o)
    0x08000166   0x08000166   0x00000000   Code   RO         1275    .ARM.Collect$$libshutdown$$0000000F  c_w.l(libshutdown2.o)
    0x08000166   0x08000166   0x00000002   Code   RO         1276    .ARM.Collect$$libshutdown$$00000010  c_w.l(libshutdown2.o)
    0x08000168   0x08000168   0x00000000   Code   RO         1152    .ARM.Collect$$rtentry$$00000000  c_w.l(__rtentry.o)
    0x08000168   0x08000168   0x00000000   Code   RO         1156    .ARM.Collect$$rtentry$$00000002  c_w.l(__rtentry2.o)
    0x08000168   0x08000168   0x00000006   Code   RO         1168    .ARM.Collect$$rtentry$$00000004  c_w.l(__rtentry4.o)
    0x0800016e   0x0800016e   0x00000000   Code   RO         1158    .ARM.Collect$$rtentry$$00000009  c_w.l(__rtentry2.o)
    0x0800016e   0x0800016e   0x00000004   Code   RO         1159    .ARM.Collect$$rtentry$$0000000A  c_w.l(__rtentry2.o)
    0x08000172   0x08000172   0x00000000   Code   RO         1161    .ARM.Collect$$rtentry$$0000000C  c_w.l(__rtentry2.o)
    0x08000172   0x08000172   0x00000008   Code   RO         1162    .ARM.Collect$$rtentry$$0000000D  c_w.l(__rtentry2.o)
    0x0800017a   0x0800017a   0x00000002   Code   RO         1183    .ARM.Collect$$rtexit$$00000000  c_w.l(rtexit.o)
    0x0800017c   0x0800017c   0x00000000   Code   RO         1231    .ARM.Collect$$rtexit$$00000002  c_w.l(rtexit2.o)
    0x0800017c   0x0800017c   0x00000004   Code   RO         1232    .ARM.Collect$$rtexit$$00000003  c_w.l(rtexit2.o)
    0x08000180   0x08000180   0x00000006   Code   RO         1233    .ARM.Collect$$rtexit$$00000004  c_w.l(rtexit2.o)
    0x08000186   0x08000186   0x00000002   PAD
    0x08000188   0x08000188   0x00000098   Code   RO          181  * .text               tx_initialize_low_level.o
    0x08000220   0x08000220   0x00000040   Code   RO          767    .text               startup_stm32f10x_md.o
    0x08000260   0x08000260   0x000000b4   Code   RO          817    .text               ThreadX_Library.lib(tx_thread_schedule.o)
    0x08000314   0x08000314   0x000000e8   Code   RO          820    .text               ThreadX_Library.lib(tx_timer_interrupt.o)
    0x080003fc   0x080003fc   0x0000002c   Code   RO          823    .text               ThreadX_Library.lib(tx_initialize_high_level.o)
    0x08000428   0x08000428   0x00000044   Code   RO          878    .text               ThreadX_Library.lib(tx_initialize_kernel_enter.o)
    0x0800046c   0x0800046c   0x00000034   Code   RO          894    .text               ThreadX_Library.lib(tx_thread_initialize.o)
    0x080004a0   0x080004a0   0x00000078   Code   RO          923    .text               ThreadX_Library.lib(tx_thread_sleep.o)
    0x08000518   0x08000518   0x00000148   Code   RO          950    .text               ThreadX_Library.lib(txe_thread_create.o)
    0x08000660   0x08000660   0x00000120   Code   RO          962    .text               ThreadX_Library.lib(tx_thread_create.o)
    0x08000780   0x08000780   0x00000048   Code   RO          974    .text               ThreadX_Library.lib(tx_thread_system_preempt_check.o)
    0x080007c8   0x080007c8   0x00000184   Code   RO          997    .text               ThreadX_Library.lib(tx_thread_system_suspend.o)
    0x0800094c   0x0800094c   0x0000005c   Code   RO         1024    .text               ThreadX_Library.lib(tx_thread_time_slice.o)
    0x080009a8   0x080009a8   0x00000020   Code   RO         1036    .text               ThreadX_Library.lib(tx_timer_expiration_process.o)
    0x080009c8   0x080009c8   0x00000084   Code   RO         1048    .text               ThreadX_Library.lib(tx_timer_initialize.o)
    0x08000a4c   0x08000a4c   0x00000040   Code   RO         1067    .text               ThreadX_Library.lib(tx_thread_stack_build.o)
    0x08000a8c   0x08000a8c   0x0000006c   Code   RO         1070    .text               ThreadX_Library.lib(tx_thread_shell_entry.o)
    0x08000af8   0x08000af8   0x0000011c   Code   RO         1082    .text               ThreadX_Library.lib(tx_thread_system_resume.o)
    0x08000c14   0x08000c14   0x00000034   Code   RO         1094    .text               ThreadX_Library.lib(tx_thread_timeout.o)
    0x08000c48   0x08000c48   0x0000005c   Code   RO         1106    .text               ThreadX_Library.lib(tx_timer_system_activate.o)
    0x08000ca4   0x08000ca4   0x00000110   Code   RO         1118    .text               ThreadX_Library.lib(tx_timer_thread_entry.o)
    0x08000db4   0x08000db4   0x0000002e   Code   RO         1130    .text               ThreadX_Library.lib(tx_timer_system_deactivate.o)
    0x08000de2   0x08000de2   0x00000010   Code   RO         1144    .text               c_w.l(aeabi_memset.o)
    0x08000df2   0x08000df2   0x0000004e   Code   RO         1146    .text               c_w.l(rt_memclr_w.o)
    0x08000e40   0x08000e40   0x00000006   Code   RO         1148    .text               c_w.l(heapauxi.o)
    0x08000e46   0x08000e46   0x00000044   Code   RO         1153    .text               c_w.l(rt_memclr.o)
    0x08000e8a   0x08000e8a   0x0000004a   Code   RO         1170    .text               c_w.l(sys_stackheap_outer.o)
    0x08000ed4   0x08000ed4   0x00000012   Code   RO         1172    .text               c_w.l(exit.o)
    0x08000ee6   0x08000ee6   0x00000002   PAD
    0x08000ee8   0x08000ee8   0x00000008   Code   RO         1180    .text               c_w.l(libspace.o)
    0x08000ef0   0x08000ef0   0x0000000c   Code   RO         1241    .text               c_w.l(sys_exit.o)
    0x08000efc   0x08000efc   0x00000002   Code   RO         1252    .text               c_w.l(use_no_semi.o)
    0x08000efe   0x08000efe   0x00000000   Code   RO         1254    .text               c_w.l(indicate_semi.o)
    0x08000efe   0x08000efe   0x00000002   PAD
    0x08000f00   0x08000f00   0x00000050   Code   RO          180    RESET               tx_initialize_low_level.o
    0x08000f50   0x08000f50   0x00000024   Code   RO            4    i.Compare_String    main.o
    0x08000f74   0x08000f74   0x00000038   Code   RO            5    i.Compare_String_Reverse  main.o
    0x08000fac   0x08000fac   0x00000116   Code   RO          243    i.GPIO_Init         stm32f10x_gpio.o
    0x080010c2   0x080010c2   0x00000010   Code   RO          252    i.GPIO_StructInit   stm32f10x_gpio.o
    0x080010d2   0x080010d2   0x00000010   Code   RO            6    i.Get_String_Len    main.o
    0x080010e2   0x080010e2   0x00000002   PAD
    0x080010e4   0x080010e4   0x00000148   Code   RO            7    i.Handle_Command    main.o
    0x0800122c   0x0800122c   0x00000060   Code   RO            8    i.Init_Output       main.o
    0x0800128c   0x0800128c   0x00000020   Code   RO          367    i.RCC_APB2PeriphClockCmd  stm32f10x_rcc.o
    0x080012ac   0x080012ac   0x000000d4   Code   RO          375    i.RCC_GetClocksFreq  stm32f10x_rcc.o
    0x08001380   0x08001380   0x0000007c   Code   RO            9    i.Receive_Commmand  main.o
    0x080013fc   0x080013fc   0x00000008   Code   RO          774    i.SetSysClock       system_stm32f10x.o
    0x08001404   0x08001404   0x000000e0   Code   RO          775    i.SetSysClockTo72   system_stm32f10x.o
    0x080014e4   0x080014e4   0x00000060   Code   RO          777    i.SystemInit        system_stm32f10x.o
    0x08001544   0x08001544   0x00000014   Code   RO           10    i.Turn_Off_Led      main.o
    0x08001558   0x08001558   0x00000014   Code   RO           11    i.Turn_On_Led       main.o
    0x0800156c   0x0800156c   0x00000018   Code   RO          579    i.USART_Cmd         stm32f10x_usart.o
    0x08001584   0x08001584   0x00000054   Code   RO          583    i.USART_GetITStatus  stm32f10x_usart.o
    0x080015d8   0x080015d8   0x0000004a   Code   RO          585    i.USART_ITConfig    stm32f10x_usart.o
    0x08001622   0x08001622   0x00000002   PAD
    0x08001624   0x08001624   0x000000d8   Code   RO          586    i.USART_Init        stm32f10x_usart.o
    0x080016fc   0x080016fc   0x0000000a   Code   RO          593    i.USART_ReceiveData  stm32f10x_usart.o
    0x08001706   0x08001706   0x00000018   Code   RO          602    i.USART_StructInit  stm32f10x_usart.o
    0x0800171e   0x0800171e   0x00000002   PAD
    0x08001720   0x08001720   0x000000a0   Code   RO           12    i.Usart_Init        main.o
    0x080017c0   0x080017c0   0x0000001c   Code   RO           13    i.Usart_Send        main.o
    0x080017dc   0x080017dc   0x00000018   Code   RO           14    i.Usart_Send_Line   main.o
    0x080017f4   0x080017f4   0x00000010   Code   RO           15    i.Usart_Send_Newline  main.o
    0x08001804   0x08001804   0x0000001a   Code   RO           16    i.Usart_Send_String  main.o
    0x0800181e   0x0800181e   0x00000012   Code   RO           18    i.main              main.o
    0x08001830   0x08001830   0x00000084   Code   RO           19    i.tx_application_define  main.o
    0x080018b4   0x080018b4   0x00000020   Data   RO         1307    Region$$Table       anon$$obj.o


    Execution Region ER_RW (Exec base: 0x20000000, Load base: 0x080018d4, Size: 0x000000b0, Max: 0xffffffff, ABSOLUTE)

    Exec Addr    Load Addr    Size         Type   Attr      Idx    E Section Name        Object

    0x20000000   0x080018d4   0x00000004   Data   RW           21    .data               main.o
    0x20000004   0x080018d8   0x00000014   Data   RW          395    .data               stm32f10x_rcc.o
    0x20000018   0x080018ec   0x00000030   Data   RW          824    .data               ThreadX_Library.lib(tx_initialize_high_level.o)
    0x20000048   0x0800191c   0x00000004   Data   RW          825    .data               ThreadX_Library.lib(tx_initialize_high_level.o)
    0x2000004c   0x08001920   0x00000004   Data   RW          898    .data               ThreadX_Library.lib(tx_thread_initialize.o)
    0x20000050   0x08001924   0x00000004   Data   RW          899    .data               ThreadX_Library.lib(tx_thread_initialize.o)
    0x20000054   0x08001928   0x00000028   Data   RW          900    .data               ThreadX_Library.lib(tx_thread_initialize.o)
    0x2000007c   0x08001950   0x00000034   Data   RW         1050    .data               ThreadX_Library.lib(tx_timer_initialize.o)


    Execution Region ER_ZI (Exec base: 0x200000b0, Load base: 0x08001984, Size: 0x00001990, Max: 0xffffffff, ABSOLUTE)

    Exec Addr    Load Addr    Size         Type   Attr      Idx    E Section Name        Object

    0x200000b0        -       0x00000977   Zero   RW           20    .bss                main.o
    0x20000a27   0x08001984   0x00000001   PAD
    0x20000a28        -       0x00000080   Zero   RW          895    .bss                ThreadX_Library.lib(tx_thread_initialize.o)
    0x20000aa8        -       0x00000534   Zero   RW         1049    .bss                ThreadX_Library.lib(tx_timer_initialize.o)
    0x20000fdc        -       0x00000060   Zero   RW         1181    .bss                c_w.l(libspace.o)
    0x2000103c   0x08001984   0x00000004   PAD
    0x20001040        -       0x00000000   Zero   RW          179    HEAP                tx_initialize_low_level.o
    0x20001040        -       0x00000200   Zero   RW          765    HEAP                startup_stm32f10x_md.o
    0x20001240        -       0x00000400   Zero   RW          178    STACK               tx_initialize_low_level.o
    0x20001640        -       0x00000400   Zero   RW          764    STACK               startup_stm32f10x_md.o


==============================================================================

Image component sizes


      Code (inc. data)   RO Data    RW Data    ZI Data      Debug   Object Name

      1100        202          0          4       2423     262228   main.o
        64         26        236          0       1536        788   startup_stm32f10x_md.o
       294          0          0          0          0       2766   stm32f10x_gpio.o
       244         26          0         20          0       4149   stm32f10x_rcc.o
       432          6          0          0          0       6113   stm32f10x_usart.o
       328         28          0          0          0       1873   system_stm32f10x.o
       232        118          0          0       1024        724   tx_initialize_low_level.o

    ----------------------------------------------------------------------
      2700        406        268         24       4984     278641   Object Totals
         0          0         32          0          0          0   (incl. Generated)
         6          0          0          0          1          0   (incl. Padding)

    ----------------------------------------------------------------------

      Code (inc. data)   RO Data    RW Data    ZI Data      Debug   Library Member Name

        44          4          0         52          0      23114   tx_initialize_high_level.o
        68         12          0          0          0        638   tx_initialize_kernel_enter.o
       288         32          0          0          0       2052   tx_thread_create.o
        52          8          0         48        128      20031   tx_thread_initialize.o
       180          4          0          0          0        368   tx_thread_schedule.o
       108         14          0          0          0       1017   tx_thread_shell_entry.o
       120         18          0          0          0      18856   tx_thread_sleep.o
        64          0          0          0          0        332   tx_thread_stack_build.o
        72         18          0          0          0      18483   tx_thread_system_preempt_check.o
       284         34          0          0          0       1503   tx_thread_system_resume.o
       388         38          0          0          0      19509   tx_thread_system_suspend.o
        92         24          0          0          0        828   tx_thread_time_slice.o
        52          6          0          0          0        945   tx_thread_timeout.o
        32          8          0          0          0        767   tx_timer_expiration_process.o
       132         38          0         52       1332       2342   tx_timer_initialize.o
       232          0          0          0          0        384   tx_timer_interrupt.o
        92         12          0          0          0       1264   tx_timer_system_activate.o
        46          0          0          0          0       1166   tx_timer_system_deactivate.o
       272         32          0          0          0       2173   tx_timer_thread_entry.o
       328         26          0          0          0       2405   txe_thread_create.o
         8          0          0          0          0         68   __main.o
         0          0          0          0          0          0   __rtentry.o
        12          0          0          0          0          0   __rtentry2.o
         6          0          0          0          0          0   __rtentry4.o
        52          8          0          0          0          0   __scatter.o
        26          0          0          0          0          0   __scatter_copy.o
        28          0          0          0          0          0   __scatter_zi.o
        16          0          0          0          0         68   aeabi_memset.o
        18          0          0          0          0         80   exit.o
         6          0          0          0          0        152   heapauxi.o
         0          0          0          0          0          0   indicate_semi.o
         2          0          0          0          0          0   libinit.o
         2          0          0          0          0          0   libinit2.o
         2          0          0          0          0          0   libshutdown.o
         2          0          0          0          0          0   libshutdown2.o
         8          4          0          0         96         68   libspace.o
        68          0          0          0          0         68   rt_memclr.o
        78          0          0          0          0         80   rt_memclr_w.o
         2          0          0          0          0          0   rtexit.o
        10          0          0          0          0          0   rtexit2.o
        12          4          0          0          0         68   sys_exit.o
        74          0          0          0          0         80   sys_stackheap_outer.o
         2          0          0          0          0         68   use_no_semi.o

    ----------------------------------------------------------------------
      3388        344          0        152       1560     118977   Library Totals
         8          0          0          0          4          0   (incl. Padding)

    ----------------------------------------------------------------------

      Code (inc. data)   RO Data    RW Data    ZI Data      Debug   Library Name

      2946        328          0        152       1460     118177   ThreadX_Library.lib
       434         16          0          0         96        800   c_w.l

    ----------------------------------------------------------------------
      3388        344          0        152       1560     118977   Library Totals

    ----------------------------------------------------------------------

==============================================================================


      Code (inc. data)   RO Data    RW Data    ZI Data      Debug   

      6088        750        268        176       6544     395222   Grand Totals
      6088        750        268        176       6544     395222   ELF Image Totals
      6088        750        268        176          0          0   ROM Totals

==============================================================================

    Total RO  Size (Code + RO Data)                 6356 (   6.21kB)
    Total RW  Size (RW Data + ZI Data)              6720 (   6.56kB)
    Total ROM Size (Code + RO Data + RW Data)       6532 (   6.38kB)

==============================================================================

